Component: ARM Compiler 5.06 update 2 (build 183) Tool: armlink [4d35b7]

==============================================================================

Section Cross References

    system_stm32f4xx.o(i.SystemCoreClockUpdate) refers to system_stm32f4xx.o(.data) for .data
    system_stm32f4xx.o(i.SystemCoreClockUpdate) refers to system_stm32f4xx.o(.constdata) for .constdata
    stm32f4xx_hal_msp.o(i.HAL_ADC_MspDeInit) refers to stm32f4xx_hal_gpio.o(i.HAL_GPIO_DeInit) for HAL_GPIO_DeInit
    stm32f4xx_hal_msp.o(i.HAL_ADC_MspDeInit) refers to stm32f4xx_hal_dma.o(i.HAL_DMA_DeInit) for HAL_DMA_DeInit
    stm32f4xx_hal_msp.o(i.HAL_ADC_MspInit) refers to stm32f4xx_hal_gpio.o(i.HAL_GPIO_Init) for HAL_GPIO_Init
    stm32f4xx_hal_msp.o(i.HAL_ADC_MspInit) refers to stm32f4xx_hal_dma.o(i.HAL_DMA_Init) for HAL_DMA_Init
    stm32f4xx_hal_msp.o(i.HAL_ADC_MspInit) refers to main.o(i.Error_Handler) for Error_Handler
    stm32f4xx_hal_msp.o(i.HAL_ADC_MspInit) refers to main.o(.bss) for hdma_adc1
    stm32f4xx_hal_msp.o(i.HAL_DAC_MspDeInit) refers to stm32f4xx_hal_gpio.o(i.HAL_GPIO_DeInit) for HAL_GPIO_DeInit
    stm32f4xx_hal_msp.o(i.HAL_DAC_MspInit) refers to stm32f4xx_hal_gpio.o(i.HAL_GPIO_Init) for HAL_GPIO_Init
    stm32f4xx_hal_msp.o(i.HAL_MspInit) refers to stm32f4xx_hal_cortex.o(i.HAL_NVIC_SetPriorityGrouping) for HAL_NVIC_SetPriorityGrouping
    stm32f4xx_hal_msp.o(i.HAL_MspInit) refers to stm32f4xx_hal_cortex.o(i.HAL_NVIC_SetPriority) for HAL_NVIC_SetPriority
    stm32f4xx_hal_msp.o(i.HAL_SPI_MspDeInit) refers to stm32f4xx_hal_gpio.o(i.HAL_GPIO_DeInit) for HAL_GPIO_DeInit
    stm32f4xx_hal_msp.o(i.HAL_SPI_MspInit) refers to stm32f4xx_hal_gpio.o(i.HAL_GPIO_Init) for HAL_GPIO_Init
    stm32f4xx_hal_msp.o(i.HAL_TIM_Base_MspDeInit) refers to stm32f4xx_hal_cortex.o(i.HAL_NVIC_DisableIRQ) for HAL_NVIC_DisableIRQ
    stm32f4xx_hal_msp.o(i.HAL_TIM_Base_MspInit) refers to stm32f4xx_hal_cortex.o(i.HAL_NVIC_SetPriority) for HAL_NVIC_SetPriority
    stm32f4xx_hal_msp.o(i.HAL_TIM_Base_MspInit) refers to stm32f4xx_hal_cortex.o(i.HAL_NVIC_EnableIRQ) for HAL_NVIC_EnableIRQ
    stm32f4xx_hal_msp.o(i.HAL_UART_MspDeInit) refers to stm32f4xx_hal_gpio.o(i.HAL_GPIO_DeInit) for HAL_GPIO_DeInit
    stm32f4xx_hal_msp.o(i.HAL_UART_MspInit) refers to stm32f4xx_hal_gpio.o(i.HAL_GPIO_Init) for HAL_GPIO_Init
    stm32f4xx_it.o(i.DMA2_Stream0_IRQHandler) refers to stm32f4xx_hal_dma.o(i.HAL_DMA_IRQHandler) for HAL_DMA_IRQHandler
    stm32f4xx_it.o(i.DMA2_Stream0_IRQHandler) refers to main.o(.bss) for hdma_adc1
    stm32f4xx_it.o(i.SysTick_Handler) refers to stm32f4xx_hal.o(i.HAL_IncTick) for HAL_IncTick
    stm32f4xx_it.o(i.SysTick_Handler) refers to stm32f4xx_hal_cortex.o(i.HAL_SYSTICK_IRQHandler) for HAL_SYSTICK_IRQHandler
    stm32f4xx_it.o(i.TIM2_IRQHandler) refers to stm32f4xx_hal_tim.o(i.HAL_TIM_IRQHandler) for HAL_TIM_IRQHandler
    stm32f4xx_it.o(i.TIM2_IRQHandler) refers to main.o(.bss) for htim2
    main.o(i.MX_ADC1_Init) refers to stm32f4xx_hal_adc.o(i.HAL_ADC_Init) for HAL_ADC_Init
    main.o(i.MX_ADC1_Init) refers to stm32f4xx_hal_adc.o(i.HAL_ADC_ConfigChannel) for HAL_ADC_ConfigChannel
    main.o(i.MX_ADC1_Init) refers to stm32f4xx_hal_adc_ex.o(i.HAL_ADCEx_InjectedConfigChannel) for HAL_ADCEx_InjectedConfigChannel
    main.o(i.MX_ADC1_Init) refers to main.o(.bss) for .bss
    main.o(i.MX_GPIO_Init) refers to stm32f4xx_hal_gpio.o(i.HAL_GPIO_WritePin) for HAL_GPIO_WritePin
    main.o(i.MX_GPIO_Init) refers to stm32f4xx_hal_gpio.o(i.HAL_GPIO_Init) for HAL_GPIO_Init
    main.o(i.MX_SPI3_Init) refers to stm32f4xx_hal_spi.o(i.HAL_SPI_Init) for HAL_SPI_Init
    main.o(i.MX_SPI3_Init) refers to main.o(.bss) for .bss
    main.o(i.SystemClock_Config) refers to stm32f4xx_hal_rcc_ex.o(i.HAL_RCC_OscConfig) for HAL_RCC_OscConfig
    main.o(i.SystemClock_Config) refers to stm32f4xx_hal_rcc.o(i.HAL_RCC_ClockConfig) for HAL_RCC_ClockConfig
    main.o(i.SystemClock_Config) refers to stm32f4xx_hal_rcc.o(i.HAL_RCC_GetHCLKFreq) for HAL_RCC_GetHCLKFreq
    main.o(i.SystemClock_Config) refers to stm32f4xx_hal_cortex.o(i.HAL_SYSTICK_Config) for HAL_SYSTICK_Config
    main.o(i.SystemClock_Config) refers to stm32f4xx_hal_cortex.o(i.HAL_SYSTICK_CLKSourceConfig) for HAL_SYSTICK_CLKSourceConfig
    main.o(i.SystemClock_Config) refers to stm32f4xx_hal_cortex.o(i.HAL_NVIC_SetPriority) for HAL_NVIC_SetPriority
    main.o(i.main) refers to stm32f4xx_hal.o(i.HAL_Init) for HAL_Init
    main.o(i.main) refers to main.o(i.SystemClock_Config) for SystemClock_Config
    main.o(i.main) refers to main.o(i.MX_GPIO_Init) for MX_GPIO_Init
    main.o(i.main) refers to stm32f4xx_hal_cortex.o(i.HAL_NVIC_SetPriority) for HAL_NVIC_SetPriority
    main.o(i.main) refers to stm32f4xx_hal_cortex.o(i.HAL_NVIC_EnableIRQ) for HAL_NVIC_EnableIRQ
    main.o(i.main) refers to main.o(i.MX_ADC1_Init) for MX_ADC1_Init
    main.o(i.main) refers to stm32f4xx_hal_dac.o(i.HAL_DAC_Init) for HAL_DAC_Init
[...]
    Removing stm32f4xx_hal_spi.o(i.SPI_DMAHalfTransmitReceiveCplt), (10 bytes).
    Removing stm32f4xx_hal_spi.o(i.SPI_DMAReceiveCplt), (82 bytes).
    Removing stm32f4xx_hal_spi.o(i.SPI_DMATransmitCplt), (90 bytes).
    Removing stm32f4xx_hal_spi.o(i.SPI_DMATransmitReceiveCplt), (80 bytes).
    Removing stm32f4xx_hal_spi.o(i.SPI_RxISR_16BIT), (32 bytes).
    Removing stm32f4xx_hal_spi.o(i.SPI_RxISR_8BIT), (30 bytes).
    Removing stm32f4xx_hal_spi.o(i.SPI_TxISR_16BIT), (32 bytes).
    Removing stm32f4xx_hal_spi.o(i.SPI_TxISR_8BIT), (30 bytes).
    Removing stm32f4xx_hal_pwr.o(.rev16_text), (4 bytes).
    Removing stm32f4xx_hal_pwr.o(.revsh_text), (4 bytes).
    Removing stm32f4xx_hal_pwr.o(.rrx_text), (6 bytes).
    Removing stm32f4xx_hal_pwr.o(i.HAL_PWR_ConfigPVD), (124 bytes).
    Removing stm32f4xx_hal_pwr.o(i.HAL_PWR_DeInit), (24 bytes).
    Removing stm32f4xx_hal_pwr.o(i.HAL_PWR_DisableBkUpAccess), (28 bytes).
    Removing stm32f4xx_hal_pwr.o(i.HAL_PWR_DisablePVD), (24 bytes).
    Removing stm32f4xx_hal_pwr.o(i.HAL_PWR_DisableSEVOnPend), (16 bytes).
    Removing stm32f4xx_hal_pwr.o(i.HAL_PWR_DisableSleepOnExit), (16 bytes).
    Removing stm32f4xx_hal_pwr.o(i.HAL_PWR_DisableWakeUpPin), (16 bytes).
    Removing stm32f4xx_hal_pwr.o(i.HAL_PWR_EnableBkUpAccess), (24 bytes).
    Removing stm32f4xx_hal_pwr.o(i.HAL_PWR_EnablePVD), (24 bytes).
    Removing stm32f4xx_hal_pwr.o(i.HAL_PWR_EnableSEVOnPend), (16 bytes).
    Removing stm32f4xx_hal_pwr.o(i.HAL_PWR_EnableSleepOnExit), (16 bytes).
    Removing stm32f4xx_hal_pwr.o(i.HAL_PWR_EnableWakeUpPin), (16 bytes).
    Removing stm32f4xx_hal_pwr.o(i.HAL_PWR_EnterSLEEPMode), (32 bytes).
    Removing stm32f4xx_hal_pwr.o(i.HAL_PWR_EnterSTANDBYMode), (32 bytes).
    Removing stm32f4xx_hal_pwr.o(i.HAL_PWR_EnterSTOPMode), (56 bytes).
    Removing stm32f4xx_hal_pwr.o(i.HAL_PWR_PVDCallback), (2 bytes).
    Removing stm32f4xx_hal_pwr.o(i.HAL_PWR_PVD_IRQHandler), (28 bytes).
    Removing stm32f4xx_hal_gpio.o(.rev16_text), (4 bytes).
    Removing stm32f4xx_hal_gpio.o(.revsh_text), (4 bytes).
    Removing stm32f4xx_hal_gpio.o(.rrx_text), (6 bytes).
    Removing stm32f4xx_hal_gpio.o(i.HAL_GPIO_DeInit), (308 bytes).
    Removing stm32f4xx_hal_gpio.o(i.HAL_GPIO_EXTI_Callback), (2 bytes).
    Removing stm32f4xx_hal_gpio.o(i.HAL_GPIO_EXTI_IRQHandler), (24 bytes).
    Removing stm32f4xx_hal_gpio.o(i.HAL_GPIO_LockPin), (34 bytes).
    Removing stm32f4xx_hal_gpio.o(i.HAL_GPIO_ReadPin), (10 bytes).
    Removing stm32f4xx_hal_tim_ex.o(.rev16_text), (4 bytes).
    Removing stm32f4xx_hal_tim_ex.o(.revsh_text), (4 bytes).
    Removing stm32f4xx_hal_tim_ex.o(.rrx_text), (6 bytes).
    Removing stm32f4xx_hal_tim_ex.o(i.HAL_TIMEx_ConfigBreakDeadTime), (66 bytes).
    Removing stm32f4xx_hal_tim_ex.o(i.HAL_TIMEx_ConfigCommutationEvent), (92 bytes).
    Removing stm32f4xx_hal_tim_ex.o(i.HAL_TIMEx_ConfigCommutationEvent_DMA), (124 bytes).
    Removing stm32f4xx_hal_tim_ex.o(i.HAL_TIMEx_ConfigCommutationEvent_IT), (102 bytes).
    Removing stm32f4xx_hal_tim_ex.o(i.HAL_TIMEx_HallSensor_DeInit), (56 bytes).
    Removing stm32f4xx_hal_tim_ex.o(i.HAL_TIMEx_HallSensor_GetState), (6 bytes).
    Removing stm32f4xx_hal_tim_ex.o(i.HAL_TIMEx_HallSensor_Init), (176 bytes).
    Removing stm32f4xx_hal_tim_ex.o(i.HAL_TIMEx_HallSensor_MspDeInit), (2 bytes).
    Removing stm32f4xx_hal_tim_ex.o(i.HAL_TIMEx_HallSensor_MspInit), (2 bytes).
    Removing stm32f4xx_hal_tim_ex.o(i.HAL_TIMEx_HallSensor_Start), (28 bytes).
    Removing stm32f4xx_hal_tim_ex.o(i.HAL_TIMEx_HallSensor_Start_DMA), (104 bytes).
    Removing stm32f4xx_hal_tim_ex.o(i.HAL_TIMEx_HallSensor_Start_IT), (38 bytes).
    Removing stm32f4xx_hal_tim_ex.o(i.HAL_TIMEx_HallSensor_Stop), (46 bytes).
    Removing stm32f4xx_hal_tim_ex.o(i.HAL_TIMEx_HallSensor_Stop_DMA), (56 bytes).
    Removing stm32f4xx_hal_tim_ex.o(i.HAL_TIMEx_HallSensor_Stop_IT), (56 bytes).
    Removing stm32f4xx_hal_tim_ex.o(i.HAL_TIMEx_OCN_Start), (36 bytes).
    Removing stm32f4xx_hal_tim_ex.o(i.HAL_TIMEx_OCN_Start_DMA), (220 bytes).
    Removing stm32f4xx_hal_tim_ex.o(i.HAL_TIMEx_OCN_Start_IT), (96 bytes).
    Removing stm32f4xx_hal_tim_ex.o(i.HAL_TIMEx_OCN_Stop), (68 bytes).
    Removing stm32f4xx_hal_tim_ex.o(i.HAL_TIMEx_OCN_Stop_DMA), (124 bytes).
    Removing stm32f4xx_hal_tim_ex.o(i.HAL_TIMEx_OCN_Stop_IT), (134 bytes).
    Removing stm32f4xx_hal_tim_ex.o(i.HAL_TIMEx_OnePulseN_Start), (26 bytes).
    Removing stm32f4xx_hal_tim_ex.o(i.HAL_TIMEx_OnePulseN_Start_IT), (46 bytes).
    Removing stm32f4xx_hal_tim_ex.o(i.HAL_TIMEx_OnePulseN_Stop), (68 bytes).
    Removing stm32f4xx_hal_tim_ex.o(i.HAL_TIMEx_OnePulseN_Stop_IT), (88 bytes).
    Removing stm32f4xx_hal_tim_ex.o(i.HAL_TIMEx_PWMN_Start), (36 bytes).
    Removing stm32f4xx_hal_tim_ex.o(i.HAL_TIMEx_PWMN_Start_DMA), (220 bytes).
    Removing stm32f4xx_hal_tim_ex.o(i.HAL_TIMEx_PWMN_Start_IT), (96 bytes).
    Removing stm32f4xx_hal_tim_ex.o(i.HAL_TIMEx_PWMN_Stop), (68 bytes).
    Removing stm32f4xx_hal_tim_ex.o(i.HAL_TIMEx_PWMN_Stop_DMA), (124 bytes).
    Removing stm32f4xx_hal_tim_ex.o(i.HAL_TIMEx_PWMN_Stop_IT), (134 bytes).
    Removing stm32f4xx_hal_tim_ex.o(i.HAL_TIMEx_RemapConfig), (34 bytes).
    Removing stm32f4xx_hal_tim_ex.o(i.TIMEx_DMACommutationCplt), (16 bytes).
    Removing stm32f4xx_hal_tim_ex.o(i.TIM_CCxNChannelCmd), (22 bytes).
    Removing startup_stm32f446xx.o(HEAP), (512 bytes).
    Removing arm_cmplx_mag_q15.o(.rev16_text), (4 bytes).
    Removing arm_cmplx_mag_q15.o(.revsh_text), (4 bytes).
    Removing arm_cmplx_mag_q15.o(.rrx_text), (6 bytes).
    Removing arm_rfft_init_q15.o(.rev16_text), (4 bytes).
    Removing arm_rfft_init_q15.o(.revsh_text), (4 bytes).
    Removing arm_rfft_init_q15.o(.rrx_text), (6 bytes).
    Removing arm_rfft_q15.o(.rev16_text), (4 bytes).
    Removing arm_rfft_q15.o(.revsh_text), (4 bytes).
    Removing arm_rfft_q15.o(.rrx_text), (6 bytes).
    Removing arm_sqrt_q15.o(.rev16_text), (4 bytes).
    Removing arm_sqrt_q15.o(.revsh_text), (4 bytes).
    Removing arm_sqrt_q15.o(.rrx_text), (6 bytes).
    Removing arm_cfft_q15.o(.rev16_text), (4 bytes).
    Removing arm_cfft_q15.o(.revsh_text), (4 bytes).
    Removing arm_cfft_q15.o(.rrx_text), (6 bytes).
    Removing arm_const_structs.o(.rev16_text), (4 bytes).
    Removing arm_const_structs.o(.revsh_text), (4 bytes).
    Removing arm_const_structs.o(.rrx_text), (6 bytes).
    Removing arm_const_structs.o(.constdata), (16 bytes).
    Removing arm_const_structs.o(.constdata), (16 bytes).
    Removing arm_const_structs.o(.constdata), (16 bytes).
    Removing arm_const_structs.o(.constdata), (16 bytes).
    Removing arm_const_structs.o(.constdata), (16 bytes).
    Removing arm_const_structs.o(.constdata), (16 bytes).
    Removing arm_const_structs.o(.constdata), (16 bytes).
    Removing arm_const_structs.o(.constdata), (16 bytes).
    Removing arm_const_structs.o(.constdata), (16 bytes).
    Removing arm_const_structs.o(.constdata), (16 bytes).
    Removing arm_const_structs.o(.constdata), (16 bytes).
    Removing arm_const_structs.o(.constdata), (16 bytes).
    Removing arm_const_structs.o(.constdata), (16 bytes).
    Removing arm_const_structs.o(.constdata), (16 bytes).
    Removing arm_const_structs.o(.constdata), (16 bytes).
    Removing arm_const_structs.o(.constdata), (16 bytes).
    Removing arm_const_structs.o(.constdata), (16 bytes).
    Removing arm_const_structs.o(.constdata), (16 bytes).
    Removing arm_cfft_radix4_q15.o(.rev16_text), (4 bytes).
    Removing arm_cfft_radix4_q15.o(.revsh_text), (4 bytes).
    Removing arm_cfft_radix4_q15.o(.rrx_text), (6 bytes).
    Removing arm_common_tables.o(.rev16_text), (4 bytes).
    Removing arm_common_tables.o(.revsh_text), (4 bytes).
    Removing arm_common_tables.o(.rrx_text), (6 bytes).
    Removing arm_common_tables.o(.constdata), (2048 bytes).
    Removing arm_common_tables.o(.constdata), (128 bytes).
    Removing arm_common_tables.o(.constdata), (256 bytes).
    Removing arm_common_tables.o(.constdata), (512 bytes).
    Removing arm_common_tables.o(.constdata), (1024 bytes).
    Removing arm_common_tables.o(.constdata), (2048 bytes).
    Removing arm_common_tables.o(.constdata), (4096 bytes).
    Removing arm_common_tables.o(.constdata), (8192 bytes).
    Removing arm_common_tables.o(.constdata), (16384 bytes).
    Removing arm_common_tables.o(.constdata), (32768 bytes).
    Removing arm_common_tables.o(.constdata), (96 bytes).
    Removing arm_common_tables.o(.constdata), (192 bytes).
    Removing arm_common_tables.o(.constdata), (384 bytes).
    Removing arm_common_tables.o(.constdata), (768 bytes).
    Removing arm_common_tables.o(.constdata), (1536 bytes).
    Removing arm_common_tables.o(.constdata), (3072 bytes).
    Removing arm_common_tables.o(.constdata), (6144 bytes).
    Removing arm_common_tables.o(.constdata), (12288 bytes).
    Removing arm_common_tables.o(.constdata), (24576 bytes).
    Removing arm_common_tables.o(.constdata), (128 bytes).
    Removing arm_common_tables.o(.constdata), (256 bytes).
    Removing arm_common_tables.o(.constdata), (40 bytes).
    Removing arm_common_tables.o(.constdata), (96 bytes).
    Removing arm_common_tables.o(.constdata), (112 bytes).
    Removing arm_common_tables.o(.constdata), (416 bytes).
    Removing arm_common_tables.o(.constdata), (880 bytes).
    Removing arm_common_tables.o(.constdata), (896 bytes).
    Removing arm_common_tables.o(.constdata), (3600 bytes).
    Removing arm_common_tables.o(.constdata), (7616 bytes).
    Removing arm_common_tables.o(.constdata), (8064 bytes).
    Removing arm_common_tables.o(.constdata), (128 bytes).
    Removing arm_common_tables.o(.constdata), (256 bytes).
    Removing arm_common_tables.o(.constdata), (512 bytes).
    Removing arm_common_tables.o(.constdata), (1024 bytes).
    Removing arm_common_tables.o(.constdata), (2048 bytes).
    Removing arm_common_tables.o(.constdata), (4096 bytes).
    Removing arm_common_tables.o(.constdata), (8192 bytes).
    Removing arm_common_tables.o(.constdata), (16384 bytes).
    Removing arm_common_tables.o(.constdata), (2052 bytes).
    Removing arm_common_tables.o(.constdata), (2052 bytes).
    Removing arm_common_tables.o(.constdata), (1026 bytes).
    Removing arm_bitreversal.o(.rev16_text), (4 bytes).
    Removing arm_bitreversal.o(.revsh_text), (4 bytes).
    Removing arm_bitreversal.o(.rrx_text), (6 bytes).

565 unused section(s) (total 214403 bytes) removed from the image.

==============================================================================

Image Symbol Table

    Local Symbols

    Symbol Name                              Value     Ov Type        Size  Object(Section)

    ../Drivers/CMSIS//Device/ST/STM32F4xx/Source/Templates/system_stm32f4xx.c 0x00000000   Number         0  system_stm32f4xx.o ABSOLUTE
    ../Drivers/STM32F4xx_HAL_Driver/Src/stm32f4xx_hal.c 0x00000000   Number         0  stm32f4xx_hal.o ABSOLUTE
    ../Drivers/STM32F4xx_HAL_Driver/Src/stm32f4xx_hal_adc.c 0x00000000   Number         0  stm32f4xx_hal_adc.o ABSOLUTE
    ../Drivers/STM32F4xx_HAL_Driver/Src/stm32f4xx_hal_adc_ex.c 0x00000000   Number         0  stm32f4xx_hal_adc_ex.o ABSOLUTE
    ../Drivers/STM32F4xx_HAL_Driver/Src/stm32f4xx_hal_cortex.c 0x00000000   Number         0  stm32f4xx_hal_cortex.o ABSOLUTE
    ../Drivers/STM32F4xx_HAL_Driver/Src/stm32f4xx_hal_dac.c 0x00000000   Number         0  stm32f4xx_hal_dac.o ABSOLUTE
    ../Drivers/STM32F4xx_HAL_Driver/Src/stm32f4xx_hal_dac_ex.c 0x00000000   Number         0  stm32f4xx_hal_dac_ex.o ABSOLUTE
    ../Drivers/STM32F4xx_HAL_Driver/Src/stm32f4xx_hal_dma.c 0x00000000   Number         0  stm32f4xx_hal_dma.o ABSOLUTE
    ../Drivers/STM32F4xx_HAL_Driver/Src/stm32f4xx_hal_dma_ex.c 0x00000000   Number         0  stm32f4xx_hal_dma_ex.o ABSOLUTE
    ../Drivers/STM32F4xx_HAL_Driver/Src/stm32f4xx_hal_flash.c 0x00000000   Number         0  stm32f4xx_hal_flash.o ABSOLUTE
    ../Drivers/STM32F4xx_HAL_Driver/Src/stm32f4xx_hal_flash_ex.c 0x00000000   Number         0  stm32f4xx_hal_flash_ex.o ABSOLUTE
    ../Drivers/STM32F4xx_HAL_Driver/Src/stm32f4xx_hal_flash_ramfunc.c 0x00000000   Number         0  stm32f4xx_hal_flash_ramfunc.o ABSOLUTE
    ../Drivers/STM32F4xx_HAL_Driver/Src/stm32f4xx_hal_gpio.c 0x00000000   Number         0  stm32f4xx_hal_gpio.o ABSOLUTE
    ../Drivers/STM32F4xx_HAL_Driver/Src/stm32f4xx_hal_pwr.c 0x00000000   Number         0  stm32f4xx_hal_pwr.o ABSOLUTE
    ../Drivers/STM32F4xx_HAL_Driver/Src/stm32f4xx_hal_pwr_ex.c 0x00000000   Number         0  stm32f4xx_hal_pwr_ex.o ABSOLUTE
    ../Drivers/STM32F4xx_HAL_Driver/Src/stm32f4xx_hal_rcc.c 0x00000000   Number         0  stm32f4xx_hal_rcc.o ABSOLUTE
    ../Drivers/STM32F4xx_HAL_Driver/Src/stm32f4xx_hal_rcc_ex.c 0x00000000   Number         0  stm32f4xx_hal_rcc_ex.o ABSOLUTE
    ../Drivers/STM32F4xx_HAL_Driver/Src/stm32f4xx_hal_spi.c 0x00000000   Number         0  stm32f4xx_hal_spi.o ABSOLUTE
    ../Drivers/STM32F4xx_HAL_Driver/Src/stm32f4xx_hal_tim.c 0x00000000   Number         0  stm32f4xx_hal_tim.o ABSOLUTE
    ../Drivers/STM32F4xx_HAL_Driver/Src/stm32f4xx_hal_tim_ex.c 0x00000000   Number         0  stm32f4xx_hal_tim_ex.o ABSOLUTE
    ../Drivers/STM32F4xx_HAL_Driver/Src/stm32f4xx_hal_uart.c 0x00000000   Number         0  stm32f4xx_hal_uart.o ABSOLUTE
    ../Src/main.c                            0x00000000   Number         0  main.o ABSOLUTE
    ../Src/stm32f4xx_hal_msp.c               0x00000000   Number         0  stm32f4xx_hal_msp.o ABSOLUTE
    ../Src/stm32f4xx_it.c                    0x00000000   Number         0  stm32f4xx_it.o ABSOLUTE
    ../clib/microlib/init/entry.s            0x00000000   Number         0  entry7a.o ABSOLUTE
    ../clib/microlib/init/entry.s            0x00000000   Number         0  entry5.o ABSOLUTE
    ../clib/microlib/init/entry.s            0x00000000   Number         0  entry10b.o ABSOLUTE
    ../clib/microlib/init/entry.s            0x00000000   Number         0  entry10a.o ABSOLUTE
    ../clib/microlib/init/entry.s            0x00000000   Number         0  entry9b.o ABSOLUTE
    ../clib/microlib/init/entry.s            0x00000000   Number         0  entry9a.o ABSOLUTE
    ../clib/microlib/init/entry.s            0x00000000   Number         0  entry.o ABSOLUTE
    ../clib/microlib/init/entry.s            0x00000000   Number         0  entry8b.o ABSOLUTE
    ../clib/microlib/init/entry.s            0x00000000   Number         0  entry8a.o ABSOLUTE
    ../clib/microlib/init/entry.s            0x00000000   Number         0  entry7b.o ABSOLUTE
    ../clib/microlib/init/entry.s            0x00000000   Number         0  entry11a.o ABSOLUTE
    ../clib/microlib/init/entry.s            0x00000000   Number         0  entry11b.o ABSOLUTE
    ../clib/microlib/init/entry.s            0x00000000   Number         0  entry2.o ABSOLUTE
    ../clib/microlib/string/memset.c         0x00000000   Number         0  memseta.o ABSOLUTE
    ..\CommonTables\arm_common_tables.c      0x00000000   Number         0  arm_common_tables.o ABSOLUTE
    ..\CommonTables\arm_const_structs.c      0x00000000   Number         0  arm_const_structs.o ABSOLUTE
    ..\ComplexMathFunctions\arm_cmplx_mag_q15.c 0x00000000   Number         0  arm_cmplx_mag_q15.o ABSOLUTE
    ..\Drivers\CMSIS\\Device\ST\STM32F4xx\Source\Templates\system_stm32f4xx.c 0x00000000   Number         0  system_stm32f4xx.o ABSOLUTE
    ..\Drivers\STM32F4xx_HAL_Driver\Src\stm32f4xx_hal.c 0x00000000   Number         0  stm32f4xx_hal.o ABSOLUTE
    ..\Drivers\STM32F4xx_HAL_Driver\Src\stm32f4xx_hal_adc.c 0x00000000   Number         0  stm32f4xx_hal_adc.o ABSOLUTE
    ..\Drivers\STM32F4xx_HAL_Driver\Src\stm32f4xx_hal_adc_ex.c 0x00000000   Number         0  stm32f4xx_hal_adc_ex.o ABSOLUTE
    ..\Drivers\STM32F4xx_HAL_Driver\Src\stm32f4xx_hal_cortex.c 0x00000000   Number         0  stm32f4xx_hal_cortex.o ABSOLUTE
    ..\Drivers\STM32F4xx_HAL_Driver\Src\stm32f4xx_hal_dac.c 0x00000000   Number         0  stm32f4xx_hal_dac.o ABSOLUTE
    ..\Drivers\STM32F4xx_HAL_Driver\Src\stm32f4xx_hal_dac_ex.c 0x00000000   Number         0  stm32f4xx_hal_dac_ex.o ABSOLUTE
    ..\Drivers\STM32F4xx_HAL_Driver\Src\stm32f4xx_hal_dma.c 0x00000000   Number         0  stm32f4xx_hal_dma.o ABSOLUTE
    ..\Drivers\STM32F4xx_HAL_Driver\Src\stm32f4xx_hal_dma_ex.c 0x00000000   Number         0  stm32f4xx_hal_dma_ex.o ABSOLUTE
    ..\Drivers\STM32F4xx_HAL_Driver\Src\stm32f4xx_hal_flash.c 0x00000000   Number         0  stm32f4xx_hal_flash.o ABSOLUTE
    ..\Drivers\STM32F4xx_HAL_Driver\Src\stm32f4xx_hal_flash_ex.c 0x00000000   Number         0  stm32f4xx_hal_flash_ex.o ABSOLUTE
    ..\Drivers\STM32F4xx_HAL_Driver\Src\stm32f4xx_hal_flash_ramfunc.c 0x00000000   Number         0  stm32f4xx_hal_flash_ramfunc.o ABSOLUTE
    ..\Drivers\STM32F4xx_HAL_Driver\Src\stm32f4xx_hal_gpio.c 0x00000000   Number         0  stm32f4xx_hal_gpio.o ABSOLUTE
    ..\Drivers\STM32F4xx_HAL_Driver\Src\stm32f4xx_hal_pwr.c 0x00000000   Number         0  stm32f4xx_hal_pwr.o ABSOLUTE
    ..\Drivers\STM32F4xx_HAL_Driver\Src\stm32f4xx_hal_pwr_ex.c 0x00000000   Number         0  stm32f4xx_hal_pwr_ex.o ABSOLUTE
    ..\Drivers\STM32F4xx_HAL_Driver\Src\stm32f4xx_hal_rcc.c 0x00000000   Number         0  stm32f4xx_hal_rcc.o ABSOLUTE
    ..\Drivers\STM32F4xx_HAL_Driver\Src\stm32f4xx_hal_rcc_ex.c 0x00000000   Number         0  stm32f4xx_hal_rcc_ex.o ABSOLUTE
    ..\Drivers\STM32F4xx_HAL_Driver\Src\stm32f4xx_hal_spi.c 0x00000000   Number         0  stm32f4xx_hal_spi.o ABSOLUTE
    ..\Drivers\STM32F4xx_HAL_Driver\Src\stm32f4xx_hal_tim.c 0x00000000   Number         0  stm32f4xx_hal_tim.o ABSOLUTE
    ..\Drivers\STM32F4xx_HAL_Driver\Src\stm32f4xx_hal_tim_ex.c 0x00000000   Number         0  stm32f4xx_hal_tim_ex.o ABSOLUTE
    ..\Drivers\STM32F4xx_HAL_Driver\Src\stm32f4xx_hal_uart.c 0x00000000   Number         0  stm32f4xx_hal_uart.o ABSOLUTE
    ..\FastMathFunctions\arm_sqrt_q15.c      0x00000000   Number         0  arm_sqrt_q15.o ABSOLUTE
    ..\Src\DDS_conf.c                        0x00000000   Number         0  dds_conf.o ABSOLUTE
    ..\Src\FFT.c                             0x00000000   Number         0  fft.o ABSOLUTE
    ..\Src\main.c                            0x00000000   Number         0  main.o ABSOLUTE
    ..\Src\stm32f4xx_hal_msp.c               0x00000000   Number         0  stm32f4xx_hal_msp.o ABSOLUTE
    ..\Src\stm32f4xx_it.c                    0x00000000   Number         0  stm32f4xx_it.o ABSOLUTE
    ..\TransformFunctions\arm_bitreversal.c  0x00000000   Number         0  arm_bitreversal.o ABSOLUTE
    ..\TransformFunctions\arm_cfft_q15.c     0x00000000   Number         0  arm_cfft_q15.o ABSOLUTE
    ..\TransformFunctions\arm_cfft_radix4_q15.c 0x00000000   Number         0  arm_cfft_radix4_q15.o ABSOLUTE
    ..\TransformFunctions\arm_rfft_init_q15.c 0x00000000   Number         0  arm_rfft_init_q15.o ABSOLUTE
    ..\TransformFunctions\arm_rfft_q15.c     0x00000000   Number         0  arm_rfft_q15.o ABSOLUTE
    ..\\CommonTables\\arm_common_tables.c    0x00000000   Number         0  arm_common_tables.o ABSOLUTE
    ..\\CommonTables\\arm_const_structs.c    0x00000000   Number         0  arm_const_structs.o ABSOLUTE
    ..\\ComplexMathFunctions\\arm_cmplx_mag_q15.c 0x00000000   Number         0  arm_cmplx_mag_q15.o ABSOLUTE
    ..\\FastMathFunctions\\arm_sqrt_q15.c    0x00000000   Number         0  arm_sqrt_q15.o ABSOLUTE
    ..\\Src\\DDS_conf.c                      0x00000000   Number         0  dds_conf.o ABSOLUTE
    ..\\Src\\FFT.c                           0x00000000   Number         0  fft.o ABSOLUTE
    ..\\TransformFunctions\\arm_bitreversal.c 0x00000000   Number         0  arm_bitreversal.o ABSOLUTE
    ..\\TransformFunctions\\arm_bitreversal2.S 0x00000000   Number         0  arm_bitreversal2.o ABSOLUTE
    ..\\TransformFunctions\\arm_cfft_q15.c   0x00000000   Number         0  arm_cfft_q15.o ABSOLUTE
    ..\\TransformFunctions\\arm_cfft_radix4_q15.c 0x00000000   Number         0  arm_cfft_radix4_q15.o ABSOLUTE
    ..\\TransformFunctions\\arm_rfft_init_q15.c 0x00000000   Number         0  arm_rfft_init_q15.o ABSOLUTE
    ..\\TransformFunctions\\arm_rfft_q15.c   0x00000000   Number         0  arm_rfft_q15.o ABSOLUTE
    dc.s                                     0x00000000   Number         0  dc.o ABSOLUTE
    handlers.s                               0x00000000   Number         0  handlers.o ABSOLUTE
    init.s                                   0x00000000   Number         0  init.o ABSOLUTE
    startup_stm32f446xx.s                    0x00000000   Number         0  startup_stm32f446xx.o ABSOLUTE
    RESET                                    0x08000000   Section      452  startup_stm32f446xx.o(RESET)
    . text                                   0x080001c4   Section      192  arm_bitreversal2.o(. text)
    $v0                                      0x080001c4   Number         0  arm_bitreversal2.o(. text)
    .ARM.Collect$$$$00000000                 0x08000284   Section        0  entry.o(.ARM.Collect$$$$00000000)
    .ARM.Collect$$$$00000001                 0x08000284   Section        4  entry2.o(.ARM.Collect$$$$00000001)
    .ARM.Collect$$$$00000004                 0x08000288   Section        4  entry5.o(.ARM.Collect$$$$00000004)
    .ARM.Collect$$$$00000008                 0x0800028c   Section        0  entry7b.o(.ARM.Collect$$$$00000008)
    .ARM.Collect$$$$0000000A                 0x0800028c   Section        0  entry8b.o(.ARM.Collect$$$$0000000A)
    .ARM.Collect$$$$0000000B                 0x0800028c   Section        8  entry9a.o(.ARM.Collect$$$$0000000B)
    .ARM.Collect$$$$0000000D                 0x08000294   Section        0  entry10a.o(.ARM.Collect$$$$0000000D)
    .ARM.Collect$$$$0000000F                 0x08000294   Section        0  entry11a.o(.ARM.Collect$$$$0000000F)
    .ARM.Collect$$$$00002712                 0x08000294   Section        4  entry2.o(.ARM.Collect$$$$00002712)
    __lit__00000000                          0x08000294   Data           4  entry2.o(.ARM.Collect$$$$00002712)
    .text                                    0x08000298   Section       36  startup_stm32f446xx.o(.text)
    $v0                                      0x08000298   Number         0  startup_stm32f446xx.o(.text)
    .text                                    0x080002bc   Section        0  arm_cmplx_mag_q15.o(.text)
    .text                                    0x08000344   Section        0  arm_rfft_init_q15.o(.text)
    .text                                    0x08000410   Section        0  arm_rfft_q15.o(.text)
    .text                                    0x0800068c   Section        0  arm_sqrt_q15.o(.text)
    .text                                    0x08000784   Section        0  arm_cfft_q15.o(.text)
    .text                                    0x08000acc   Section        0  arm_cfft_radix4_q15.o(.text)
    .text                                    0x08000faa   Section        0  arm_bitreversal.o(.text)
    .text                                    0x08001180   Section        0  memseta.o(.text)
    .text                                    0x080011a4   Section       36  init.o(.text)
    i.ADC_Init                               0x080011c8   Section        0  stm32f4xx_hal_adc.o(i.ADC_Init)
    ADC_Init                                 0x080011c9   Thumb Code   300  stm32f4xx_hal_adc.o(i.ADC_Init)
    i.BusFault_Handler                       0x080012fc   Section        0  stm32f4xx_it.o(i.BusFault_Handler)
    i.DDS_CheckReg                           0x080012fe   Section        0  dds_conf.o(i.DDS_CheckReg)
    i.DDS_IO_Update                          0x08001340   Section        0  dds_conf.o(i.DDS_IO_Update)
    i.DDS_Init                               0x08001384   Section        0  dds_conf.o(i.DDS_Init)
    i.DMA2_Stream0_IRQHandler                0x0800140c   Section        0  stm32f4xx_it.o(i.DMA2_Stream0_IRQHandler)
    i.DMA_CalcBaseAndBitshift                0x08001418   Section        0  stm32f4xx_hal_dma.o(i.DMA_CalcBaseAndBitshift)
    DMA_CalcBaseAndBitshift                  0x08001419   Thumb Code    34  stm32f4xx_hal_dma.o(i.DMA_CalcBaseAndBitshift)
    i.DMA_CheckFifoParam                     0x08001440   Section        0  stm32f4xx_hal_dma.o(i.DMA_CheckFifoParam)
    DMA_CheckFifoParam                       0x08001441   Thumb Code    84  stm32f4xx_hal_dma.o(i.DMA_CheckFifoParam)
    i.DebugMon_Handler                       0x08001494   Section        0  stm32f4xx_it.o(i.DebugMon_Handler)
    i.Error_Handler                          0x08001496   Section        0  main.o(i.Error_Handler)
    i.FFT_Route                              0x08001498   Section        0  fft.o(i.FFT_Route)
    i.HAL_ADCEx_InjectedConfigChannel        0x080015d4   Section        0  stm32f4xx_hal_adc_ex.o(i.HAL_ADCEx_InjectedConfigChannel)
    i.HAL_ADC_ConfigChannel                  0x08001798   Section        0  stm32f4xx_hal_adc.o(i.HAL_ADC_ConfigChannel)
    i.HAL_ADC_GetValue                       0x080018ec   Section        0  stm32f4xx_hal_adc.o(i.HAL_ADC_GetValue)
    i.HAL_ADC_Init                           0x080018f2   Section        0  stm32f4xx_hal_adc.o(i.HAL_ADC_Init)
    i.HAL_ADC_MspInit                        0x08001948   Section        0  stm32f4xx_hal_msp.o(i.HAL_ADC_MspInit)
    i.HAL_ADC_PollForConversion              0x080019c4   Section        0  stm32f4xx_hal_adc.o(i.HAL_ADC_PollForConversion)
    i.HAL_ADC_Start                          0x08001a68   Section        0  stm32f4xx_hal_adc.o(i.HAL_ADC_Start)
    i.HAL_ADC_Stop                           0x08001b20   Section        0  stm32f4xx_hal_adc.o(i.HAL_ADC_Stop)
    i.HAL_DAC_ConfigChannel                  0x08001b5c   Section        0  stm32f4xx_hal_dac.o(i.HAL_DAC_ConfigChannel)
    i.HAL_DAC_Init                           0x08001b9e   Section        0  stm32f4xx_hal_dac.o(i.HAL_DAC_Init)
    i.HAL_DAC_MspInit                        0x08001bc8   Section        0  stm32f4xx_hal_msp.o(i.HAL_DAC_MspInit)
    i.HAL_DAC_SetValue                       0x08001c0c   Section        0  stm32f4xx_hal_dac.o(i.HAL_DAC_SetValue)
    i.HAL_DAC_Start                          0x08001c26   Section        0  stm32f4xx_hal_dac.o(i.HAL_DAC_Start)
    i.HAL_DMA_IRQHandler                     0x08001c94   Section        0  stm32f4xx_hal_dma.o(i.HAL_DMA_IRQHandler)
    i.HAL_DMA_Init                           0x08001e3c   Section        0  stm32f4xx_hal_dma.o(i.HAL_DMA_Init)
    i.HAL_Delay                              0x08001f0c   Section        0  stm32f4xx_hal.o(i.HAL_Delay)
    i.HAL_GPIO_Init                          0x08001f24   Section        0  stm32f4xx_hal_gpio.o(i.HAL_GPIO_Init)
    i.HAL_GPIO_TogglePin                     0x080020c8   Section        0  stm32f4xx_hal_gpio.o(i.HAL_GPIO_TogglePin)
    i.HAL_GPIO_WritePin                      0x080020d0   Section        0  stm32f4xx_hal_gpio.o(i.HAL_GPIO_WritePin)
    i.HAL_GetTick                            0x080020dc   Section        0  stm32f4xx_hal.o(i.HAL_GetTick)
    i.HAL_IncTick                            0x080020e8   Section        0  stm32f4xx_hal.o(i.HAL_IncTick)
    i.HAL_Init                               0x080020f8   Section        0  stm32f4xx_hal.o(i.HAL_Init)
    i.HAL_InitTick                           0x0800212c   Section        0  stm32f4xx_hal.o(i.HAL_InitTick)
    i.HAL_MspInit                            0x08002154   Section        0  stm32f4xx_hal_msp.o(i.HAL_MspInit)
    i.HAL_NVIC_EnableIRQ                     0x080021ac   Section        0  stm32f4xx_hal_cortex.o(i.HAL_NVIC_EnableIRQ)
    i.HAL_NVIC_SetPriority                   0x080021c4   Section        0  stm32f4xx_hal_cortex.o(i.HAL_NVIC_SetPriority)
    i.HAL_NVIC_SetPriorityGrouping           0x08002204   Section        0  stm32f4xx_hal_cortex.o(i.HAL_NVIC_SetPriorityGrouping)
    i.HAL_RCC_ClockConfig                    0x08002228   Section        0  stm32f4xx_hal_rcc.o(i.HAL_RCC_ClockConfig)
    i.HAL_RCC_GetHCLKFreq                    0x080023a4   Section        0  stm32f4xx_hal_rcc.o(i.HAL_RCC_GetHCLKFreq)
    i.HAL_RCC_GetPCLK1Freq                   0x080023b0   Section        0  stm32f4xx_hal_rcc.o(i.HAL_RCC_GetPCLK1Freq)
    i.HAL_RCC_GetPCLK2Freq                   0x080023e0   Section        0  stm32f4xx_hal_rcc.o(i.HAL_RCC_GetPCLK2Freq)
    i.HAL_RCC_GetSysClockFreq                0x08002410   Section        0  stm32f4xx_hal_rcc_ex.o(i.HAL_RCC_GetSysClockFreq)
    i.HAL_RCC_OscConfig                      0x080024c4   Section        0  stm32f4xx_hal_rcc_ex.o(i.HAL_RCC_OscConfig)
    i.HAL_SPI_Init                           0x080027dc   Section        0  stm32f4xx_hal_spi.o(i.HAL_SPI_Init)
    i.HAL_SPI_MspInit                        0x0800285c   Section        0  stm32f4xx_hal_msp.o(i.HAL_SPI_MspInit)
    i.HAL_SPI_Transmit                       0x080028a8   Section        0  stm32f4xx_hal_spi.o(i.HAL_SPI_Transmit)
    i.HAL_SPI_TransmitReceive                0x08002a10   Section        0  stm32f4xx_hal_spi.o(i.HAL_SPI_TransmitReceive)
    i.HAL_SYSTICK_CLKSourceConfig            0x08002be8   Section        0  stm32f4xx_hal_cortex.o(i.HAL_SYSTICK_CLKSourceConfig)
    i.HAL_SYSTICK_Callback                   0x08002c00   Section        0  stm32f4xx_hal_cortex.o(i.HAL_SYSTICK_Callback)
    i.HAL_SYSTICK_Config                     0x08002c02   Section        0  stm32f4xx_hal_cortex.o(i.HAL_SYSTICK_Config)
    i.HAL_SYSTICK_IRQHandler                 0x08002c2a   Section        0  stm32f4xx_hal_cortex.o(i.HAL_SYSTICK_IRQHandler)
    i.HAL_TIMEx_BreakCallback                0x08002c32   Section        0  stm32f4xx_hal_tim_ex.o(i.HAL_TIMEx_BreakCallback)
    i.HAL_TIMEx_CommutationCallback          0x08002c34   Section        0  stm32f4xx_hal_tim_ex.o(i.HAL_TIMEx_CommutationCallback)
    i.HAL_TIMEx_MasterConfigSynchronization  0x08002c36   Section        0  stm32f4xx_hal_tim_ex.o(i.HAL_TIMEx_MasterConfigSynchronization)
    i.HAL_TIM_Base_Init                      0x08002c86   Section        0  stm32f4xx_hal_tim.o(i.HAL_TIM_Base_Init)
    i.HAL_TIM_Base_MspInit                   0x08002cbc   Section        0  stm32f4xx_hal_msp.o(i.HAL_TIM_Base_MspInit)
    i.HAL_TIM_Base_Start_IT                  0x08002cf4   Section        0  stm32f4xx_hal_tim.o(i.HAL_TIM_Base_Start_IT)
    i.HAL_TIM_Base_Stop_IT                   0x08002d0c   Section        0  stm32f4xx_hal_tim.o(i.HAL_TIM_Base_Stop_IT)
    i.HAL_TIM_ConfigClockSource              0x08002d36   Section        0  stm32f4xx_hal_tim.o(i.HAL_TIM_ConfigClockSource)
    i.HAL_TIM_IC_CaptureCallback             0x08002e28   Section        0  stm32f4xx_hal_tim.o(i.HAL_TIM_IC_CaptureCallback)
    i.HAL_TIM_IRQHandler                     0x08002e2a   Section        0  stm32f4xx_hal_tim.o(i.HAL_TIM_IRQHandler)
    i.HAL_TIM_OC_DelayElapsedCallback        0x08002f90   Section        0  stm32f4xx_hal_tim.o(i.HAL_TIM_OC_DelayElapsedCallback)
    i.HAL_TIM_PWM_PulseFinishedCallback      0x08002f92   Section        0  stm32f4xx_hal_tim.o(i.HAL_TIM_PWM_PulseFinishedCallback)
    i.HAL_TIM_PeriodElapsedCallback          0x08002f94   Section        0  fft.o(i.HAL_TIM_PeriodElapsedCallback)
    i.HAL_TIM_TriggerCallback                0x08002ffc   Section        0  stm32f4xx_hal_tim.o(i.HAL_TIM_TriggerCallback)
    i.HAL_UART_Init                          0x08002ffe   Section        0  stm32f4xx_hal_uart.o(i.HAL_UART_Init)
    i.HAL_UART_MspInit                       0x08003060   Section        0  stm32f4xx_hal_msp.o(i.HAL_UART_MspInit)
    i.HardFault_Handler                      0x080030b8   Section        0  stm32f4xx_it.o(i.HardFault_Handler)
    i.MX_ADC1_Init                           0x080030bc   Section        0  main.o(i.MX_ADC1_Init)
    MX_ADC1_Init                             0x080030bd   Thumb Code   102  main.o(i.MX_ADC1_Init)
    i.MX_GPIO_Init                           0x0800312c   Section        0  main.o(i.MX_GPIO_Init)
    MX_GPIO_Init                             0x0800312d   Thumb Code   180  main.o(i.MX_GPIO_Init)
    i.MX_SPI3_Init                           0x080031f0   Section        0  main.o(i.MX_SPI3_Init)
    MX_SPI3_Init                             0x080031f1   Thumb Code    54  main.o(i.MX_SPI3_Init)
    i.MemManage_Handler                      0x08003230   Section        0  stm32f4xx_it.o(i.MemManage_Handler)
    i.NMI_Handler                            0x08003232   Section        0  stm32f4xx_it.o(i.NMI_Handler)
    i.NVIC_SetPriority                       0x08003234   Section        0  stm32f4xx_hal_cortex.o(i.NVIC_SetPriority)
    NVIC_SetPriority                         0x08003235   Thumb Code    32  stm32f4xx_hal_cortex.o(i.NVIC_SetPriority)
    i.PendSV_Handler                         0x08003254   Section        0  stm32f4xx_it.o(i.PendSV_Handler)
    i.SPI_CheckFlag_BSY                      0x08003256   Section        0  stm32f4xx_hal_spi.o(i.SPI_CheckFlag_BSY)
    SPI_CheckFlag_BSY                        0x08003257   Thumb Code    32  stm32f4xx_hal_spi.o(i.SPI_CheckFlag_BSY)
    i.SPI_WaitFlagStateUntilTimeout          0x08003276   Section        0  stm32f4xx_hal_spi.o(i.SPI_WaitFlagStateUntilTimeout)
    SPI_WaitFlagStateUntilTimeout            0x08003277   Thumb Code   150  stm32f4xx_hal_spi.o(i.SPI_WaitFlagStateUntilTimeout)
    i.SVC_Handler                            0x0800330c   Section        0  stm32f4xx_it.o(i.SVC_Handler)
    i.SysTick_Handler                        0x0800330e   Section        0  stm32f4xx_it.o(i.SysTick_Handler)
    i.SystemClock_Config                     0x0800331c   Section        0  main.o(i.SystemClock_Config)
    i.SystemInit                             0x080033b0   Section        0  system_stm32f4xx.o(i.SystemInit)
    i.TIM2_IRQHandler                        0x08003404   Section        0  stm32f4xx_it.o(i.TIM2_IRQHandler)
    i.TIM_Base_SetConfig                     0x08003410   Section        0  stm32f4xx_hal_tim.o(i.TIM_Base_SetConfig)
    i.TIM_ETR_SetConfig                      0x080034d0   Section        0  stm32f4xx_hal_tim.o(i.TIM_ETR_SetConfig)
    TIM_ETR_SetConfig                        0x080034d1   Thumb Code    20  stm32f4xx_hal_tim.o(i.TIM_ETR_SetConfig)
    i.TIM_ITRx_SetConfig                     0x080034e4   Section        0  stm32f4xx_hal_tim.o(i.TIM_ITRx_SetConfig)
    TIM_ITRx_SetConfig                       0x080034e5   Thumb Code    16  stm32f4xx_hal_tim.o(i.TIM_ITRx_SetConfig)
    i.TIM_TI1_ConfigInputStage               0x080034f4   Section        0  stm32f4xx_hal_tim.o(i.TIM_TI1_ConfigInputStage)
    TIM_TI1_ConfigInputStage                 0x080034f5   Thumb Code    34  stm32f4xx_hal_tim.o(i.TIM_TI1_ConfigInputStage)
    i.TIM_TI2_ConfigInputStage               0x08003516   Section        0  stm32f4xx_hal_tim.o(i.TIM_TI2_ConfigInputStage)
    TIM_TI2_ConfigInputStage                 0x08003517   Thumb Code    36  stm32f4xx_hal_tim.o(i.TIM_TI2_ConfigInputStage)
    i.UART_SetConfig                         0x0800353c   Section        0  stm32f4xx_hal_uart.o(i.UART_SetConfig)
    UART_SetConfig                           0x0800353d   Thumb Code   676  stm32f4xx_hal_uart.o(i.UART_SetConfig)
    i.UsageFault_Handler                     0x080037e8   Section        0  stm32f4xx_it.o(i.UsageFault_Handler)
    i.__scatterload_copy                     0x080037ea   Section       14  handlers.o(i.__scatterload_copy)
    i.__scatterload_null                     0x080037f8   Section        2  handlers.o(i.__scatterload_null)
    i.__scatterload_zeroinit                 0x080037fa   Section       14  handlers.o(i.__scatterload_zeroinit)
    i.drawFunction                           0x08003808   Section        0  fft.o(i.drawFunction)
    i.getReg_DDS_CFR1                        0x08003878   Section        0  dds_conf.o(i.getReg_DDS_CFR1)
    i.getReg_DDS_CFR2                        0x080038cc   Section        0  dds_conf.o(i.getReg_DDS_CFR2)
    i.getReg_DDS_FTW0                        0x0800391c   Section        0  dds_conf.o(i.getReg_DDS_FTW0)
    i.getReg_DDS_FTW1                        0x08003970   Section        0  dds_conf.o(i.getReg_DDS_FTW1)
    i.getReg_DDS_NLSCW                       0x080039c4   Section        0  dds_conf.o(i.getReg_DDS_NLSCW)
    i.getReg_DDS_PLSCW                       0x08003a1c   Section        0  dds_conf.o(i.getReg_DDS_PLSCW)
    i.main                                   0x08003a74   Section        0  main.o(i.main)
    i.setReg_DDS_CFR1                        0x08003ba8   Section        0  dds_conf.o(i.setReg_DDS_CFR1)
    i.setReg_DDS_CFR2                        0x08003bf4   Section        0  dds_conf.o(i.setReg_DDS_CFR2)
    i.setReg_DDS_FTW0                        0x08003c3c   Section        0  dds_conf.o(i.setReg_DDS_FTW0)
    i.setReg_DDS_FTW1                        0x08003c88   Section        0  dds_conf.o(i.setReg_DDS_FTW1)
    i.setReg_DDS_NLSCW                       0x08003cd4   Section        0  dds_conf.o(i.setReg_DDS_NLSCW)
    i.setReg_DDS_PLSCW                       0x08003d28   Section        0  dds_conf.o(i.setReg_DDS_PLSCW)
    .constdata                               0x08003d78   Section       16  stm32f4xx_hal_rcc.o(.constdata)
    .constdata                               0x08003d88   Section        8  stm32f4xx_hal_dma.o(.constdata)
    flagBitshiftOffset                       0x08003d88   Data           8  stm32f4xx_hal_dma.o(.constdata)
    .constdata                               0x08003d90   Section    32768  arm_rfft_init_q15.o(.constdata)
    realCoefAQ15                             0x08003d90   Data       16384  arm_rfft_init_q15.o(.constdata)
    realCoefBQ15                             0x08007d90   Data       16384  arm_rfft_init_q15.o(.constdata)
    .constdata                               0x0800bd90   Section       16  arm_const_structs.o(.constdata)
    .constdata                               0x0800bda0   Section       16  arm_const_structs.o(.constdata)
    .constdata                               0x0800bdb0   Section       16  arm_const_structs.o(.constdata)
    .constdata                               0x0800bdc0   Section       16  arm_const_structs.o(.constdata)
    .constdata                               0x0800bdd0   Section       16  arm_const_structs.o(.constdata)
    .constdata                               0x0800bde0   Section       16  arm_const_structs.o(.constdata)
    .constdata                               0x0800bdf0   Section       16  arm_const_structs.o(.constdata)
    .constdata                               0x0800be00   Section       16  arm_const_structs.o(.constdata)
    .constdata                               0x0800be10   Section       16  arm_const_structs.o(.constdata)
    .constdata                               0x0800be20   Section       48  arm_common_tables.o(.constdata)
    .constdata                               0x0800be50   Section       96  arm_common_tables.o(.constdata)
    .constdata                               0x0800beb0   Section      192  arm_common_tables.o(.constdata)
    .constdata                               0x0800bf70   Section      384  arm_common_tables.o(.constdata)
    .constdata                               0x0800c0f0   Section      768  arm_common_tables.o(.constdata)
    .constdata                               0x0800c3f0   Section     1536  arm_common_tables.o(.constdata)
    .constdata                               0x0800c9f0   Section     3072  arm_common_tables.o(.constdata)
    .constdata                               0x0800d5f0   Section     6144  arm_common_tables.o(.constdata)
    .constdata                               0x0800edf0   Section    12288  arm_common_tables.o(.constdata)
    .constdata                               0x08011df0   Section       24  arm_common_tables.o(.constdata)
    .constdata                               0x08011e08   Section       48  arm_common_tables.o(.constdata)
    .constdata                               0x08011e38   Section      112  arm_common_tables.o(.constdata)
    .constdata                               0x08011ea8   Section      224  arm_common_tables.o(.constdata)
    .constdata                               0x08011f88   Section      480  arm_common_tables.o(.constdata)
    .constdata                               0x08012168   Section      960  arm_common_tables.o(.constdata)
    .constdata                               0x08012528   Section     1984  arm_common_tables.o(.constdata)
    .constdata                               0x08012ce8   Section     3968  arm_common_tables.o(.constdata)
    .constdata                               0x08013c68   Section     8064  arm_common_tables.o(.constdata)
    .data                                    0x20000000   Section        4  system_stm32f4xx.o(.data)
    .data                                    0x20000004   Section       31  dds_conf.o(.data)
    .data                                    0x20000024   Section       16  fft.o(.data)
    copyCnt                                  0x2000002c   Data           4  fft.o(.data)
    i                                        0x20000030   Data           4  fft.o(.data)
    .data                                    0x20000034   Section        4  stm32f4xx_hal.o(.data)
    .bss                                     0x20000038   Section      304  main.o(.bss)
    .bss                                     0x20000168   Section       96  main.o(.bss)
    .bss                                     0x200001c8   Section    28696  fft.o(.bss)
    STACK                                    0x200071e0   Section     1024  startup_stm32f446xx.o(STACK)

    Global Symbols

    Symbol Name                              Value     Ov Type        Size  Object(Section)

    BuildAttributes$$THM_ISAv4$E$P$D$K$B$S$7EM$VFPi3$EXTD16$VFPS$VFMA$PE$A:L22UL41UL21$X:L11$S22US41US21$IEEE1$IW$USESV6$~STKCKD$USESV7$~SHL$OTIME$IEEEX$EBA8$MICROLIB$REQ8$PRES8$EABIv2 0x00000000   Number         0  anon$$obj.o ABSOLUTE
    __ARM_use_no_argv                        0x00000000   Number         0  main.o ABSOLUTE
    __cpp_initialize__aeabi_                  - Undefined Weak Reference
    __cxa_finalize                            - Undefined Weak Reference
    __decompress                              - Undefined Weak Reference
    _clock_init                               - Undefined Weak Reference
    _microlib_exit                            - Undefined Weak Reference
    __Vectors_Size                           0x000001c4   Number         0  startup_stm32f446xx.o ABSOLUTE
    __Vectors                                0x08000000   Data           4  startup_stm32f446xx.o(RESET)
    __Vectors_End                            0x080001c4   Data           0  startup_stm32f446xx.o(RESET)
    arm_bitreversal_32                       0x080001c5   Thumb Code   106  arm_bitreversal2.o(. text)
    arm_bitreversal_16                       0x0800022f   Thumb Code    86  arm_bitreversal2.o(. text)
    __main                                   0x08000285   Thumb Code     0  entry.o(.ARM.Collect$$$$00000000)
    _main_stk                                0x08000285   Thumb Code     0  entry2.o(.ARM.Collect$$$$00000001)
    _main_scatterload                        0x08000289   Thumb Code     0  entry5.o(.ARM.Collect$$$$00000004)
    __main_after_scatterload                 0x0800028d   Thumb Code     0  entry5.o(.ARM.Collect$$$$00000004)
    _main_clock                              0x0800028d   Thumb Code     0  entry7b.o(.ARM.Collect$$$$00000008)
    _main_cpp_init                           0x0800028d   Thumb Code     0  entry8b.o(.ARM.Collect$$$$0000000A)
    _main_init                               0x0800028d   Thumb Code     0  entry9a.o(.ARM.Collect$$$$0000000B)
    __rt_final_cpp                           0x08000295   Thumb Code     0  entry10a.o(.ARM.Collect$$$$0000000D)
    __rt_final_exit                          0x08000295   Thumb Code     0  entry11a.o(.ARM.Collect$$$$0000000F)
    Reset_Handler                            0x08000299   Thumb Code     8  startup_stm32f446xx.o(.text)
    ADC_IRQHandler                           0x080002b3   Thumb Code     0  startup_stm32f446xx.o(.text)
    CAN1_RX0_IRQHandler                      0x080002b3   Thumb Code     0  startup_stm32f446xx.o(.text)
    CAN1_RX1_IRQHandler                      0x080002b3   Thumb Code     0  startup_stm32f446xx.o(.text)
    CAN1_SCE_IRQHandler                      0x080002b3   Thumb Code     0  startup_stm32f446xx.o(.text)
    CAN1_TX_IRQHandler                       0x080002b3   Thumb Code     0  startup_stm32f446xx.o(.text)
    CAN2_RX0_IRQHandler                      0x080002b3   Thumb Code     0  startup_stm32f446xx.o(.text)
    CAN2_RX1_IRQHandler                      0x080002b3   Thumb Code     0  startup_stm32f446xx.o(.text)
    CAN2_SCE_IRQHandler                      0x080002b3   Thumb Code     0  startup_stm32f446xx.o(.text)
    CAN2_TX_IRQHandler                       0x080002b3   Thumb Code     0  startup_stm32f446xx.o(.text)
    CEC_IRQHandler                           0x080002b3   Thumb Code     0  startup_stm32f446xx.o(.text)
    DCMI_IRQHandler                          0x080002b3   Thumb Code     0  startup_stm32f446xx.o(.text)
    DMA1_Stream0_IRQHandler                  0x080002b3   Thumb Code     0  startup_stm32f446xx.o(.text)
    DMA1_Stream1_IRQHandler                  0x080002b3   Thumb Code     0  startup_stm32f446xx.o(.text)
    DMA1_Stream2_IRQHandler                  0x080002b3   Thumb Code     0  startup_stm32f446xx.o(.text)
    DMA1_Stream3_IRQHandler                  0x080002b3   Thumb Code     0  startup_stm32f446xx.o(.text)
    DMA1_Stream4_IRQHandler                  0x080002b3   Thumb Code     0  startup_stm32f446xx.o(.text)
    DMA1_Stream5_IRQHandler                  0x080002b3   Thumb Code     0  startup_stm32f446xx.o(.text)
    DMA1_Stream6_IRQHandler                  0x080002b3   Thumb Code     0  startup_stm32f446xx.o(.text)
    DMA1_Stream7_IRQHandler                  0x080002b3   Thumb Code     0  startup_stm32f446xx.o(.text)
    DMA2_Stream1_IRQHandler                  0x080002b3   Thumb Code     0  startup_stm32f446xx.o(.text)
    DMA2_Stream2_IRQHandler                  0x080002b3   Thumb Code     0  startup_stm32f446xx.o(.text)
    DMA2_Stream3_IRQHandler                  0x080002b3   Thumb Code     0  startup_stm32f446xx.o(.text)
    DMA2_Stream4_IRQHandler                  0x080002b3   Thumb Code     0  startup_stm32f446xx.o(.text)
    DMA2_Stream5_IRQHandler                  0x080002b3   Thumb Code     0  startup_stm32f446xx.o(.text)
    DMA2_Stream6_IRQHandler                  0x080002b3   Thumb Code     0  startup_stm32f446xx.o(.text)
    DMA2_Stream7_IRQHandler                  0x080002b3   Thumb Code     0  startup_stm32f446xx.o(.text)
    EXTI0_IRQHandler                         0x080002b3   Thumb Code     0  startup_stm32f446xx.o(.text)
    EXTI15_10_IRQHandler                     0x080002b3   Thumb Code     0  startup_stm32f446xx.o(.text)
    EXTI1_IRQHandler                         0x080002b3   Thumb Code     0  startup_stm32f446xx.o(.text)
    EXTI2_IRQHandler                         0x080002b3   Thumb Code     0  startup_stm32f446xx.o(.text)
    EXTI3_IRQHandler                         0x080002b3   Thumb Code     0  startup_stm32f446xx.o(.text)
    EXTI4_IRQHandler                         0x080002b3   Thumb Code     0  startup_stm32f446xx.o(.text)
    EXTI9_5_IRQHandler                       0x080002b3   Thumb Code     0  startup_stm32f446xx.o(.text)
    FLASH_IRQHandler                         0x080002b3   Thumb Code     0  startup_stm32f446xx.o(.text)
    FMC_IRQHandler                           0x080002b3   Thumb Code     0  startup_stm32f446xx.o(.text)
    FPU_IRQHandler                           0x080002b3   Thumb Code     0  startup_stm32f446xx.o(.text)
    I2C1_ER_IRQHandler                       0x080002b3   Thumb Code     0  startup_stm32f446xx.o(.text)
    I2C1_EV_IRQHandler                       0x080002b3   Thumb Code     0  startup_stm32f446xx.o(.text)
    I2C2_ER_IRQHandler                       0x080002b3   Thumb Code     0  startup_stm32f446xx.o(.text)
    I2C2_EV_IRQHandler                       0x080002b3   Thumb Code     0  startup_stm32f446xx.o(.text)
    I2C3_ER_IRQHandler                       0x080002b3   Thumb Code     0  startup_stm32f446xx.o(.text)
    I2C3_EV_IRQHandler                       0x080002b3   Thumb Code     0  startup_stm32f446xx.o(.text)
    I2C4_Error_IRQHandler                    0x080002b3   Thumb Code     0  startup_stm32f446xx.o(.text)
    I2C4_Event_IRQHandler                    0x080002b3   Thumb Code     0  startup_stm32f446xx.o(.text)
    OTG_FS_IRQHandler                        0x080002b3   Thumb Code     0  startup_stm32f446xx.o(.text)
    OTG_FS_WKUP_IRQHandler                   0x080002b3   Thumb Code     0  startup_stm32f446xx.o(.text)
    OTG_HS_EP1_IN_IRQHandler                 0x080002b3   Thumb Code     0  startup_stm32f446xx.o(.text)
    OTG_HS_EP1_OUT_IRQHandler                0x080002b3   Thumb Code     0  startup_stm32f446xx.o(.text)
    OTG_HS_IRQHandler                        0x080002b3   Thumb Code     0  startup_stm32f446xx.o(.text)
    OTG_HS_WKUP_IRQHandler                   0x080002b3   Thumb Code     0  startup_stm32f446xx.o(.text)
    PVD_IRQHandler                           0x080002b3   Thumb Code     0  startup_stm32f446xx.o(.text)
    QUADSPI_IRQHandler                       0x080002b3   Thumb Code     0  startup_stm32f446xx.o(.text)
    RCC_IRQHandler                           0x080002b3   Thumb Code     0  startup_stm32f446xx.o(.text)
    RTC_Alarm_IRQHandler                     0x080002b3   Thumb Code     0  startup_stm32f446xx.o(.text)
    RTC_WKUP_IRQHandler                      0x080002b3   Thumb Code     0  startup_stm32f446xx.o(.text)
    SAI1_IRQHandler                          0x080002b3   Thumb Code     0  startup_stm32f446xx.o(.text)
    SAI2_IRQHandler                          0x080002b3   Thumb Code     0  startup_stm32f446xx.o(.text)
    SDIO_IRQHandler                          0x080002b3   Thumb Code     0  startup_stm32f446xx.o(.text)
    SPDIF_RX_IRQHandler                      0x080002b3   Thumb Code     0  startup_stm32f446xx.o(.text)
    SPI1_IRQHandler                          0x080002b3   Thumb Code     0  startup_stm32f446xx.o(.text)
    SPI2_IRQHandler                          0x080002b3   Thumb Code     0  startup_stm32f446xx.o(.text)
    SPI3_IRQHandler                          0x080002b3   Thumb Code     0  startup_stm32f446xx.o(.text)
    SPI4_IRQHandler                          0x080002b3   Thumb Code     0  startup_stm32f446xx.o(.text)
    TAMP_STAMP_IRQHandler                    0x080002b3   Thumb Code     0  startup_stm32f446xx.o(.text)
    TIM1_BRK_TIM9_IRQHandler                 0x080002b3   Thumb Code     0  startup_stm32f446xx.o(.text)
    TIM1_CC_IRQHandler                       0x080002b3   Thumb Code     0  startup_stm32f446xx.o(.text)
    TIM1_TRG_COM_TIM11_IRQHandler            0x080002b3   Thumb Code     0  startup_stm32f446xx.o(.text)
    TIM1_UP_TIM10_IRQHandler                 0x080002b3   Thumb Code     0  startup_stm32f446xx.o(.text)
    TIM3_IRQHandler                          0x080002b3   Thumb Code     0  startup_stm32f446xx.o(.text)
    TIM4_IRQHandler                          0x080002b3   Thumb Code     0  startup_stm32f446xx.o(.text)
    TIM5_IRQHandler                          0x080002b3   Thumb Code     0  startup_stm32f446xx.o(.text)
    TIM6_DAC_IRQHandler                      0x080002b3   Thumb Code     0  startup_stm32f446xx.o(.text)
    TIM7_IRQHandler                          0x080002b3   Thumb Code     0  startup_stm32f446xx.o(.text)
    TIM8_BRK_TIM12_IRQHandler                0x080002b3   Thumb Code     0  startup_stm32f446xx.o(.text)
    TIM8_CC_IRQHandler                       0x080002b3   Thumb Code     0  startup_stm32f446xx.o(.text)
    TIM8_TRG_COM_TIM14_IRQHandler            0x080002b3   Thumb Code     0  startup_stm32f446xx.o(.text)
    TIM8_UP_TIM13_IRQHandler                 0x080002b3   Thumb Code     0  startup_stm32f446xx.o(.text)
    UART4_IRQHandler                         0x080002b3   Thumb Code     0  startup_stm32f446xx.o(.text)
    UART5_IRQHandler                         0x080002b3   Thumb Code     0  startup_stm32f446xx.o(.text)
    USART1_IRQHandler                        0x080002b3   Thumb Code     0  startup_stm32f446xx.o(.text)
    USART2_IRQHandler                        0x080002b3   Thumb Code     0  startup_stm32f446xx.o(.text)
    USART3_IRQHandler                        0x080002b3   Thumb Code     0  startup_stm32f446xx.o(.text)
    USART6_IRQHandler                        0x080002b3   Thumb Code     0  startup_stm32f446xx.o(.text)
    WWDG_IRQHandler                          0x080002b3   Thumb Code     0  startup_stm32f446xx.o(.text)
    arm_cmplx_mag_q15                        0x080002bd   Thumb Code   134  arm_cmplx_mag_q15.o(.text)
    arm_rfft_init_q15                        0x08000345   Thumb Code   164  arm_rfft_init_q15.o(.text)
    arm_split_rfft_q15                       0x08000411   Thumb Code   170  arm_rfft_q15.o(.text)
    arm_split_rifft_q15                      0x080004bb   Thumb Code    88  arm_rfft_q15.o(.text)
    arm_rfft_q15                             0x08000513   Thumb Code   376  arm_rfft_q15.o(.text)
    arm_sqrt_q15                             0x0800068d   Thumb Code   234  arm_sqrt_q15.o(.text)
    arm_cfft_radix4by2_q15                   0x08000785   Thumb Code   172  arm_cfft_q15.o(.text)
    arm_cfft_radix4by2_inverse_q15           0x08000831   Thumb Code   172  arm_cfft_q15.o(.text)
    arm_cfft_q15                             0x080008dd   Thumb Code   496  arm_cfft_q15.o(.text)
    arm_radix4_butterfly_q15                 0x08000acd   Thumb Code   596  arm_cfft_radix4_q15.o(.text)
    arm_radix4_butterfly_inverse_q15         0x08000d21   Thumb Code   596  arm_cfft_radix4_q15.o(.text)
    arm_cfft_radix4_q15                      0x08000f75   Thumb Code    54  arm_cfft_radix4_q15.o(.text)
    arm_bitreversal_f32                      0x08000fab   Thumb Code   178  arm_bitreversal.o(.text)
    arm_bitreversal_q31                      0x0800105d   Thumb Code   170  arm_bitreversal.o(.text)
    arm_bitreversal_q15                      0x08001107   Thumb Code   122  arm_bitreversal.o(.text)
    __aeabi_memset                           0x08001181   Thumb Code    14  memseta.o(.text)
    __aeabi_memset4                          0x08001181   Thumb Code     0  memseta.o(.text)
    __aeabi_memset8                          0x08001181   Thumb Code     0  memseta.o(.text)
    __aeabi_memclr                           0x0800118f   Thumb Code     4  memseta.o(.text)
    __aeabi_memclr4                          0x0800118f   Thumb Code     0  memseta.o(.text)
    __aeabi_memclr8                          0x0800118f   Thumb Code     0  memseta.o(.text)
    _memset$wrapper                          0x08001193   Thumb Code    18  memseta.o(.text)
    __scatterload                            0x080011a5   Thumb Code    28  init.o(.text)
    __scatterload_rt2                        0x080011a5   Thumb Code     0  init.o(.text)
    BusFault_Handler                         0x080012fd   Thumb Code     2  stm32f4xx_it.o(i.BusFault_Handler)
    DDS_CheckReg                             0x080012ff   Thumb Code    66  dds_conf.o(i.DDS_CheckReg)
    DDS_IO_Update                            0x08001341   Thumb Code    60  dds_conf.o(i.DDS_IO_Update)
    DDS_Init                                 0x08001385   Thumb Code   128  dds_conf.o(i.DDS_Init)
    DMA2_Stream0_IRQHandler                  0x0800140d   Thumb Code     6  stm32f4xx_it.o(i.DMA2_Stream0_IRQHandler)
    DebugMon_Handler                         0x08001495   Thumb Code     2  stm32f4xx_it.o(i.DebugMon_Handler)
    Error_Handler                            0x08001497   Thumb Code     2  main.o(i.Error_Handler)
    FFT_Route                                0x08001499   Thumb Code   280  fft.o(i.FFT_Route)
    HAL_ADCEx_InjectedConfigChannel          0x080015d5   Thumb Code   438  stm32f4xx_hal_adc_ex.o(i.HAL_ADCEx_InjectedConfigChannel)
    HAL_ADC_ConfigChannel                    0x08001799   Thumb Code   324  stm32f4xx_hal_adc.o(i.HAL_ADC_ConfigChannel)
    HAL_ADC_GetValue                         0x080018ed   Thumb Code     6  stm32f4xx_hal_adc.o(i.HAL_ADC_GetValue)
    HAL_ADC_Init                             0x080018f3   Thumb Code    84  stm32f4xx_hal_adc.o(i.HAL_ADC_Init)
    HAL_ADC_MspInit                          0x08001949   Thumb Code   102  stm32f4xx_hal_msp.o(i.HAL_ADC_MspInit)
    HAL_ADC_PollForConversion                0x080019c5   Thumb Code   162  stm32f4xx_hal_adc.o(i.HAL_ADC_PollForConversion)
    HAL_ADC_Start                            0x08001a69   Thumb Code   170  stm32f4xx_hal_adc.o(i.HAL_ADC_Start)
    HAL_ADC_Stop                             0x08001b21   Thumb Code    60  stm32f4xx_hal_adc.o(i.HAL_ADC_Stop)
    HAL_DAC_ConfigChannel                    0x08001b5d   Thumb Code    66  stm32f4xx_hal_dac.o(i.HAL_DAC_ConfigChannel)
    HAL_DAC_Init                             0x08001b9f   Thumb Code    40  stm32f4xx_hal_dac.o(i.HAL_DAC_Init)
    HAL_DAC_MspInit                          0x08001bc9   Thumb Code    54  stm32f4xx_hal_msp.o(i.HAL_DAC_MspInit)
    HAL_DAC_SetValue                         0x08001c0d   Thumb Code    26  stm32f4xx_hal_dac.o(i.HAL_DAC_SetValue)
    HAL_DAC_Start                            0x08001c27   Thumb Code   108  stm32f4xx_hal_dac.o(i.HAL_DAC_Start)
    HAL_DMA_IRQHandler                       0x08001c95   Thumb Code   414  stm32f4xx_hal_dma.o(i.HAL_DMA_IRQHandler)
    HAL_DMA_Init                             0x08001e3d   Thumb Code   202  stm32f4xx_hal_dma.o(i.HAL_DMA_Init)
    HAL_Delay                                0x08001f0d   Thumb Code    22  stm32f4xx_hal.o(i.HAL_Delay)
    HAL_GPIO_Init                            0x08001f25   Thumb Code   378  stm32f4xx_hal_gpio.o(i.HAL_GPIO_Init)
    HAL_GPIO_TogglePin                       0x080020c9   Thumb Code     8  stm32f4xx_hal_gpio.o(i.HAL_GPIO_TogglePin)
    HAL_GPIO_WritePin                        0x080020d1   Thumb Code    10  stm32f4xx_hal_gpio.o(i.HAL_GPIO_WritePin)
    HAL_GetTick                              0x080020dd   Thumb Code     6  stm32f4xx_hal.o(i.HAL_GetTick)
    HAL_IncTick                              0x080020e9   Thumb Code    10  stm32f4xx_hal.o(i.HAL_IncTick)
    HAL_Init                                 0x080020f9   Thumb Code    48  stm32f4xx_hal.o(i.HAL_Init)
    HAL_InitTick                             0x0800212d   Thumb Code    34  stm32f4xx_hal.o(i.HAL_InitTick)
    HAL_MspInit                              0x08002155   Thumb Code    88  stm32f4xx_hal_msp.o(i.HAL_MspInit)
    HAL_NVIC_EnableIRQ                       0x080021ad   Thumb Code    22  stm32f4xx_hal_cortex.o(i.HAL_NVIC_EnableIRQ)
    HAL_NVIC_SetPriority                     0x080021c5   Thumb Code    60  stm32f4xx_hal_cortex.o(i.HAL_NVIC_SetPriority)
    HAL_NVIC_SetPriorityGrouping             0x08002205   Thumb Code    26  stm32f4xx_hal_cortex.o(i.HAL_NVIC_SetPriorityGrouping)
    HAL_RCC_ClockConfig                      0x08002229   Thumb Code   364  stm32f4xx_hal_rcc.o(i.HAL_RCC_ClockConfig)
    HAL_RCC_GetHCLKFreq                      0x080023a5   Thumb Code     6  stm32f4xx_hal_rcc.o(i.HAL_RCC_GetHCLKFreq)
    HAL_RCC_GetPCLK1Freq                     0x080023b1   Thumb Code    34  stm32f4xx_hal_rcc.o(i.HAL_RCC_GetPCLK1Freq)
    HAL_RCC_GetPCLK2Freq                     0x080023e1   Thumb Code    34  stm32f4xx_hal_rcc.o(i.HAL_RCC_GetPCLK2Freq)
    HAL_RCC_GetSysClockFreq                  0x08002411   Thumb Code   168  stm32f4xx_hal_rcc_ex.o(i.HAL_RCC_GetSysClockFreq)
    HAL_RCC_OscConfig                        0x080024c5   Thumb Code   774  stm32f4xx_hal_rcc_ex.o(i.HAL_RCC_OscConfig)
    HAL_SPI_Init                             0x080027dd   Thumb Code   128  stm32f4xx_hal_spi.o(i.HAL_SPI_Init)
    HAL_SPI_MspInit                          0x0800285d   Thumb Code    64  stm32f4xx_hal_msp.o(i.HAL_SPI_MspInit)
    HAL_SPI_Transmit                         0x080028a9   Thumb Code   360  stm32f4xx_hal_spi.o(i.HAL_SPI_Transmit)
    HAL_SPI_TransmitReceive                  0x08002a11   Thumb Code   472  stm32f4xx_hal_spi.o(i.HAL_SPI_TransmitReceive)
    HAL_SYSTICK_CLKSourceConfig              0x08002be9   Thumb Code    24  stm32f4xx_hal_cortex.o(i.HAL_SYSTICK_CLKSourceConfig)
    HAL_SYSTICK_Callback                     0x08002c01   Thumb Code     2  stm32f4xx_hal_cortex.o(i.HAL_SYSTICK_Callback)
    HAL_SYSTICK_Config                       0x08002c03   Thumb Code    40  stm32f4xx_hal_cortex.o(i.HAL_SYSTICK_Config)
    HAL_SYSTICK_IRQHandler                   0x08002c2b   Thumb Code     8  stm32f4xx_hal_cortex.o(i.HAL_SYSTICK_IRQHandler)
    HAL_TIMEx_BreakCallback                  0x08002c33   Thumb Code     2  stm32f4xx_hal_tim_ex.o(i.HAL_TIMEx_BreakCallback)
    HAL_TIMEx_CommutationCallback            0x08002c35   Thumb Code     2  stm32f4xx_hal_tim_ex.o(i.HAL_TIMEx_CommutationCallback)
    HAL_TIMEx_MasterConfigSynchronization    0x08002c37   Thumb Code    80  stm32f4xx_hal_tim_ex.o(i.HAL_TIMEx_MasterConfigSynchronization)
    HAL_TIM_Base_Init                        0x08002c87   Thumb Code    54  stm32f4xx_hal_tim.o(i.HAL_TIM_Base_Init)
    HAL_TIM_Base_MspInit                     0x08002cbd   Thumb Code    50  stm32f4xx_hal_msp.o(i.HAL_TIM_Base_MspInit)
    HAL_TIM_Base_Start_IT                    0x08002cf5   Thumb Code    24  stm32f4xx_hal_tim.o(i.HAL_TIM_Base_Start_IT)
    HAL_TIM_Base_Stop_IT                     0x08002d0d   Thumb Code    42  stm32f4xx_hal_tim.o(i.HAL_TIM_Base_Stop_IT)
    HAL_TIM_ConfigClockSource                0x08002d37   Thumb Code   242  stm32f4xx_hal_tim.o(i.HAL_TIM_ConfigClockSource)
    HAL_TIM_IC_CaptureCallback               0x08002e29   Thumb Code     2  stm32f4xx_hal_tim.o(i.HAL_TIM_IC_CaptureCallback)
    HAL_TIM_IRQHandler                       0x08002e2b   Thumb Code   358  stm32f4xx_hal_tim.o(i.HAL_TIM_IRQHandler)
    HAL_TIM_OC_DelayElapsedCallback          0x08002f91   Thumb Code     2  stm32f4xx_hal_tim.o(i.HAL_TIM_OC_DelayElapsedCallback)
    HAL_TIM_PWM_PulseFinishedCallback        0x08002f93   Thumb Code     2  stm32f4xx_hal_tim.o(i.HAL_TIM_PWM_PulseFinishedCallback)
    HAL_TIM_PeriodElapsedCallback            0x08002f95   Thumb Code    88  fft.o(i.HAL_TIM_PeriodElapsedCallback)
    HAL_TIM_TriggerCallback                  0x08002ffd   Thumb Code     2  stm32f4xx_hal_tim.o(i.HAL_TIM_TriggerCallback)
    HAL_UART_Init                            0x08002fff   Thumb Code    98  stm32f4xx_hal_uart.o(i.HAL_UART_Init)
    HAL_UART_MspInit                         0x08003061   Thumb Code    70  stm32f4xx_hal_msp.o(i.HAL_UART_MspInit)
    HardFault_Handler                        0x080030b9   Thumb Code     2  stm32f4xx_it.o(i.HardFault_Handler)
    MemManage_Handler                        0x08003231   Thumb Code     2  stm32f4xx_it.o(i.MemManage_Handler)
    NMI_Handler                              0x08003233   Thumb Code     2  stm32f4xx_it.o(i.NMI_Handler)
    PendSV_Handler                           0x08003255   Thumb Code     2  stm32f4xx_it.o(i.PendSV_Handler)
    SVC_Handler                              0x0800330d   Thumb Code     2  stm32f4xx_it.o(i.SVC_Handler)
    SysTick_Handler                          0x0800330f   Thumb Code    14  stm32f4xx_it.o(i.SysTick_Handler)
    SystemClock_Config                       0x0800331d   Thumb Code   138  main.o(i.SystemClock_Config)
    SystemInit                               0x080033b1   Thumb Code    66  system_stm32f4xx.o(i.SystemInit)
    TIM2_IRQHandler                          0x08003405   Thumb Code     6  stm32f4xx_it.o(i.TIM2_IRQHandler)
    TIM_Base_SetConfig                       0x08003411   Thumb Code   148  stm32f4xx_hal_tim.o(i.TIM_Base_SetConfig)
    UsageFault_Handler                       0x080037e9   Thumb Code     2  stm32f4xx_it.o(i.UsageFault_Handler)
    __scatterload_copy                       0x080037eb   Thumb Code    14  handlers.o(i.__scatterload_copy)
    __scatterload_null                       0x080037f9   Thumb Code     2  handlers.o(i.__scatterload_null)
    __scatterload_zeroinit                   0x080037fb   Thumb Code    14  handlers.o(i.__scatterload_zeroinit)
    drawFunction                             0x08003809   Thumb Code   100  fft.o(i.drawFunction)
    getReg_DDS_CFR1                          0x08003879   Thumb Code    70  dds_conf.o(i.getReg_DDS_CFR1)
    getReg_DDS_CFR2                          0x080038cd   Thumb Code    66  dds_conf.o(i.getReg_DDS_CFR2)
    getReg_DDS_FTW0                          0x0800391d   Thumb Code    70  dds_conf.o(i.getReg_DDS_FTW0)
    getReg_DDS_FTW1                          0x08003971   Thumb Code    70  dds_conf.o(i.getReg_DDS_FTW1)
    getReg_DDS_NLSCW                         0x080039c5   Thumb Code    74  dds_conf.o(i.getReg_DDS_NLSCW)
    getReg_DDS_PLSCW                         0x08003a1d   Thumb Code    74  dds_conf.o(i.getReg_DDS_PLSCW)
    main                                     0x08003a75   Thumb Code   282  main.o(i.main)
    setReg_DDS_CFR1                          0x08003ba9   Thumb Code    68  dds_conf.o(i.setReg_DDS_CFR1)
    setReg_DDS_CFR2                          0x08003bf5   Thumb Code    62  dds_conf.o(i.setReg_DDS_CFR2)
    setReg_DDS_FTW0                          0x08003c3d   Thumb Code    66  dds_conf.o(i.setReg_DDS_FTW0)
    setReg_DDS_FTW1                          0x08003c89   Thumb Code    68  dds_conf.o(i.setReg_DDS_FTW1)
    setReg_DDS_NLSCW                         0x08003cd5   Thumb Code    74  dds_conf.o(i.setReg_DDS_NLSCW)
    setReg_DDS_PLSCW                         0x08003d29   Thumb Code    72  dds_conf.o(i.setReg_DDS_PLSCW)
    APBAHBPrescTable                         0x08003d78   Data          16  stm32f4xx_hal_rcc.o(.constdata)
    arm_cfft_sR_q15_len16                    0x0800bd90   Data          16  arm_const_structs.o(.constdata)
    arm_cfft_sR_q15_len32                    0x0800bda0   Data          16  arm_const_structs.o(.constdata)
    arm_cfft_sR_q15_len64                    0x0800bdb0   Data          16  arm_const_structs.o(.constdata)
    arm_cfft_sR_q15_len128                   0x0800bdc0   Data          16  arm_const_structs.o(.constdata)
    arm_cfft_sR_q15_len256                   0x0800bdd0   Data          16  arm_const_structs.o(.constdata)
    arm_cfft_sR_q15_len512                   0x0800bde0   Data          16  arm_const_structs.o(.constdata)
    arm_cfft_sR_q15_len1024                  0x0800bdf0   Data          16  arm_const_structs.o(.constdata)
    arm_cfft_sR_q15_len2048                  0x0800be00   Data          16  arm_const_structs.o(.constdata)
    arm_cfft_sR_q15_len4096                  0x0800be10   Data          16  arm_const_structs.o(.constdata)
    twiddleCoef_16_q15                       0x0800be20   Data          48  arm_common_tables.o(.constdata)
    twiddleCoef_32_q15                       0x0800be50   Data          96  arm_common_tables.o(.constdata)
    twiddleCoef_64_q15                       0x0800beb0   Data         192  arm_common_tables.o(.constdata)
    twiddleCoef_128_q15                      0x0800bf70   Data         384  arm_common_tables.o(.constdata)
    twiddleCoef_256_q15                      0x0800c0f0   Data         768  arm_common_tables.o(.constdata)
    twiddleCoef_512_q15                      0x0800c3f0   Data        1536  arm_common_tables.o(.constdata)
    twiddleCoef_1024_q15                     0x0800c9f0   Data        3072  arm_common_tables.o(.constdata)
    twiddleCoef_2048_q15                     0x0800d5f0   Data        6144  arm_common_tables.o(.constdata)
    twiddleCoef_4096_q15                     0x0800edf0   Data       12288  arm_common_tables.o(.constdata)
    armBitRevIndexTable_fixed_16             0x08011df0   Data          24  arm_common_tables.o(.constdata)
    armBitRevIndexTable_fixed_32             0x08011e08   Data          48  arm_common_tables.o(.constdata)
    armBitRevIndexTable_fixed_64             0x08011e38   Data         112  arm_common_tables.o(.constdata)
    armBitRevIndexTable_fixed_128            0x08011ea8   Data         224  arm_common_tables.o(.constdata)
    armBitRevIndexTable_fixed_256            0x08011f88   Data         480  arm_common_tables.o(.constdata)
    armBitRevIndexTable_fixed_512            0x08012168   Data         960  arm_common_tables.o(.constdata)
    armBitRevIndexTable_fixed_1024           0x08012528   Data        1984  arm_common_tables.o(.constdata)
    armBitRevIndexTable_fixed_2048           0x08012ce8   Data        3968  arm_common_tables.o(.constdata)
    armBitRevIndexTable_fixed_4096           0x08013c68   Data        8064  arm_common_tables.o(.constdata)
    Region$$Table$$Base                      0x08015be8   Number         0  anon$$obj.o(Region$$Table)
    Region$$Table$$Limit                     0x08015c08   Number         0  anon$$obj.o(Region$$Table)
    SystemCoreClock                          0x20000000   Data           4  system_stm32f4xx.o(.data)
    arr_DDS_CFR2                             0x20000004   Data           4  dds_conf.o(.data)
    arr_DDS_CFR1                             0x20000008   Data           5  dds_conf.o(.data)
    arr_DDS_FTW0                             0x2000000d   Data           5  dds_conf.o(.data)
    arr_DDS_FTW1                             0x20000012   Data           5  dds_conf.o(.data)
    arr_DDS_NLSCW                            0x20000017   Data           6  dds_conf.o(.data)
    arr_DDS_PLSCW                            0x2000001d   Data           6  dds_conf.o(.data)
    TEST_COEF_1                              0x20000024   Data           1  fft.o(.data)
    TEST_COEF_2                              0x20000025   Data           1  fft.o(.data)
    readyFlag                                0x20000026   Data           1  fft.o(.data)
    PS0_Flag                                 0x20000027   Data           1  fft.o(.data)
    status                                   0x20000028   Data           1  fft.o(.data)
    cnt                                      0x2000002a   Data           2  fft.o(.data)
    uwTick                                   0x20000034   Data           4  stm32f4xx_hal.o(.data)
    hadc1                                    0x20000038   Data          72  main.o(.bss)
    hdac                                     0x20000080   Data          20  main.o(.bss)
    hspi3                                    0x20000094   Data          88  main.o(.bss)
    htim2                                    0x200000ec   Data          60  main.o(.bss)
    huart3                                   0x20000128   Data          64  main.o(.bss)
    hdma_adc1                                0x20000168   Data          96  main.o(.bss)
    inBuffer                                 0x200001c8   Data        4096  fft.o(.bss)
    outBuffer                                0x200011c8   Data        4096  fft.o(.bss)
    tmpBuffer                                0x200021c8   Data        4096  fft.o(.bss)
    accBuffer                                0x200031c8   Data        8192  fft.o(.bss)
    dispAccBuff                              0x200051c8   Data        8192  fft.o(.bss)
    S                                        0x200071c8   Data          24  fft.o(.bss)
    __initial_sp                             0x200075e0   Data           0  startup_stm32f446xx.o(STACK)



==============================================================================

Memory Map of the image

  Image Entry point : 0x08000285

  Load Region LR_IROM1 (Base: 0x08000000, Size: 0x00015c40, Max: 0x00040000, ABSOLUTE)

    Execution Region ER_IROM1 (Base: 0x08000000, Size: 0x00015c08, Max: 0x00040000, ABSOLUTE)

    Base Addr    Size         Type   Attr      Idx    E Section Name        Object

    0x08000000   0x000001c4   Data   RO         3560    RESET               startup_stm32f446xx.o
    0x080001c4   0x000000c0   Code   RO         3799    . text              arm_cortexM4lf_math.lib(arm_bitreversal2.o)
    0x08000284   0x00000000   Code   RO         3909  * .ARM.Collect$$$$00000000  mc_w.l(entry.o)
    0x08000284   0x00000004   Code   RO         3914    .ARM.Collect$$$$00000001  mc_w.l(entry2.o)
    0x08000288   0x00000004   Code   RO         3917    .ARM.Collect$$$$00000004  mc_w.l(entry5.o)
    0x0800028c   0x00000000   Code   RO         3919    .ARM.Collect$$$$00000008  mc_w.l(entry7b.o)
    0x0800028c   0x00000000   Code   RO         3921    .ARM.Collect$$$$0000000A  mc_w.l(entry8b.o)
    0x0800028c   0x00000008   Code   RO         3922    .ARM.Collect$$$$0000000B  mc_w.l(entry9a.o)
    0x08000294   0x00000000   Code   RO         3924    .ARM.Collect$$$$0000000D  mc_w.l(entry10a.o)
    0x08000294   0x00000000   Code   RO         3926    .ARM.Collect$$$$0000000F  mc_w.l(entry11a.o)
    0x08000294   0x00000004   Code   RO         3915    .ARM.Collect$$$$00002712  mc_w.l(entry2.o)
    0x08000298   0x00000024   Code   RO         3561    .text               startup_stm32f446xx.o
    0x080002bc   0x00000086   Code   RO         3568    .text               arm_cortexM4lf_math.lib(arm_cmplx_mag_q15.o)
    0x08000342   0x00000002   PAD
    0x08000344   0x000000cc   Code   RO         3620    .text               arm_cortexM4lf_math.lib(arm_rfft_init_q15.o)
    0x08000410   0x0000027a   Code   RO         3654    .text               arm_cortexM4lf_math.lib(arm_rfft_q15.o)
    0x0800068a   0x00000002   PAD
    0x0800068c   0x000000f8   Code   RO         3679    .text               arm_cortexM4lf_math.lib(arm_sqrt_q15.o)
    0x08000784   0x00000348   Code   RO         3703    .text               arm_cortexM4lf_math.lib(arm_cfft_q15.o)
    0x08000acc   0x000004de   Code   RO         3778    .text               arm_cortexM4lf_math.lib(arm_cfft_radix4_q15.o)
    0x08000faa   0x000001d6   Code   RO         3888    .text               arm_cortexM4lf_math.lib(arm_bitreversal.o)
    0x08001180   0x00000024   Code   RO         3912    .text               mc_w.l(memseta.o)
    0x080011a4   0x00000024   Code   RO         3928    .text               mc_w.l(init.o)
    0x080011c8   0x00000134   Code   RO          678    i.ADC_Init          stm32f4xx_hal_adc.o
    0x080012fc   0x00000002   Code   RO          237    i.BusFault_Handler  stm32f4xx_it.o
    0x080012fe   0x00000042   Code   RO          394    i.DDS_CheckReg      dds_conf.o
    0x08001340   0x00000044   Code   RO          395    i.DDS_IO_Update     dds_conf.o
    0x08001384   0x00000088   Code   RO          396    i.DDS_Init          dds_conf.o
    0x0800140c   0x0000000c   Code   RO          238    i.DMA2_Stream0_IRQHandler  stm32f4xx_it.o
    0x08001418   0x00000028   Code   RO         1599    i.DMA_CalcBaseAndBitshift  stm32f4xx_hal_dma.o
    0x08001440   0x00000054   Code   RO         1600    i.DMA_CheckFifoParam  stm32f4xx_hal_dma.o
    0x08001494   0x00000002   Code   RO          239    i.DebugMon_Handler  stm32f4xx_it.o
    0x08001496   0x00000002   Code   RO          325    i.Error_Handler     main.o
    0x08001498   0x0000013c   Code   RO          513    i.FFT_Route         fft.o
    0x080015d4   0x000001c4   Code   RO         2448    i.HAL_ADCEx_InjectedConfigChannel  stm32f4xx_hal_adc_ex.o
    0x08001798   0x00000154   Code   RO          680    i.HAL_ADC_ConfigChannel  stm32f4xx_hal_adc.o
    0x080018ec   0x00000006   Code   RO          687    i.HAL_ADC_GetValue  stm32f4xx_hal_adc.o
    0x080018f2   0x00000054   Code   RO          689    i.HAL_ADC_Init      stm32f4xx_hal_adc.o
    0x08001946   0x00000002   PAD
    0x08001948   0x0000007c   Code   RO          149    i.HAL_ADC_MspInit   stm32f4xx_hal_msp.o
    0x080019c4   0x000000a2   Code   RO          693    i.HAL_ADC_PollForConversion  stm32f4xx_hal_adc.o
    0x08001a66   0x00000002   PAD
    0x08001a68   0x000000b8   Code   RO          695    i.HAL_ADC_Start     stm32f4xx_hal_adc.o
    0x08001b20   0x0000003c   Code   RO          698    i.HAL_ADC_Stop      stm32f4xx_hal_adc.o
    0x08001b5c   0x00000042   Code   RO         1905    i.HAL_DAC_ConfigChannel  stm32f4xx_hal_dac.o
    0x08001b9e   0x00000028   Code   RO         1915    i.HAL_DAC_Init      stm32f4xx_hal_dac.o
    0x08001bc6   0x00000002   PAD
    0x08001bc8   0x00000044   Code   RO          151    i.HAL_DAC_MspInit   stm32f4xx_hal_msp.o
    0x08001c0c   0x0000001a   Code   RO         1918    i.HAL_DAC_SetValue  stm32f4xx_hal_dac.o
    0x08001c26   0x0000006c   Code   RO         1919    i.HAL_DAC_Start     stm32f4xx_hal_dac.o
    0x08001c92   0x00000002   PAD
    0x08001c94   0x000001a8   Code   RO         1607    i.HAL_DMA_IRQHandler  stm32f4xx_hal_dma.o
    0x08001e3c   0x000000d0   Code   RO         1608    i.HAL_DMA_Init      stm32f4xx_hal_dma.o
    0x08001f0c   0x00000016   Code   RO         2717    i.HAL_Delay         stm32f4xx_hal.o
    0x08001f22   0x00000002   PAD
    0x08001f24   0x000001a4   Code   RO         3259    i.HAL_GPIO_Init     stm32f4xx_hal_gpio.o
    0x080020c8   0x00000008   Code   RO         3262    i.HAL_GPIO_TogglePin  stm32f4xx_hal_gpio.o
    0x080020d0   0x0000000a   Code   RO         3263    i.HAL_GPIO_WritePin  stm32f4xx_hal_gpio.o
    0x080020da   0x00000002   PAD
    0x080020dc   0x0000000c   Code   RO         2723    i.HAL_GetTick       stm32f4xx_hal.o
    0x080020e8   0x00000010   Code   RO         2724    i.HAL_IncTick       stm32f4xx_hal.o
    0x080020f8   0x00000034   Code   RO         2725    i.HAL_Init          stm32f4xx_hal.o
    0x0800212c   0x00000028   Code   RO         2726    i.HAL_InitTick      stm32f4xx_hal.o
    0x08002154   0x00000058   Code   RO          152    i.HAL_MspInit       stm32f4xx_hal_msp.o
    0x080021ac   0x00000016   Code   RO          848    i.HAL_NVIC_EnableIRQ  stm32f4xx_hal_cortex.o
    0x080021c2   0x00000002   PAD
    0x080021c4   0x00000040   Code   RO          854    i.HAL_NVIC_SetPriority  stm32f4xx_hal_cortex.o
    0x08002204   0x00000024   Code   RO          855    i.HAL_NVIC_SetPriorityGrouping  stm32f4xx_hal_cortex.o
    0x08002228   0x0000017c   Code   RO          571    i.HAL_RCC_ClockConfig  stm32f4xx_hal_rcc.o
    0x080023a4   0x0000000c   Code   RO          576    i.HAL_RCC_GetHCLKFreq  stm32f4xx_hal_rcc.o
    0x080023b0   0x00000030   Code   RO          578    i.HAL_RCC_GetPCLK1Freq  stm32f4xx_hal_rcc.o
    0x080023e0   0x00000030   Code   RO          579    i.HAL_RCC_GetPCLK2Freq  stm32f4xx_hal_rcc.o
    0x08002410   0x000000b4   Code   RO         2385    i.HAL_RCC_GetSysClockFreq  stm32f4xx_hal_rcc_ex.o
    0x080024c4   0x00000318   Code   RO         2386    i.HAL_RCC_OscConfig  stm32f4xx_hal_rcc_ex.o
    0x080027dc   0x00000080   Code   RO         2865    i.HAL_SPI_Init      stm32f4xx_hal_spi.o
    0x0800285c   0x0000004c   Code   RO          154    i.HAL_SPI_MspInit   stm32f4xx_hal_msp.o
    0x080028a8   0x00000168   Code   RO         2873    i.HAL_SPI_Transmit  stm32f4xx_hal_spi.o
    0x08002a10   0x000001d8   Code   RO         2874    i.HAL_SPI_TransmitReceive  stm32f4xx_hal_spi.o
    0x08002be8   0x00000018   Code   RO          857    i.HAL_SYSTICK_CLKSourceConfig  stm32f4xx_hal_cortex.o
    0x08002c00   0x00000002   Code   RO          858    i.HAL_SYSTICK_Callback  stm32f4xx_hal_cortex.o
    0x08002c02   0x00000028   Code   RO          859    i.HAL_SYSTICK_Config  stm32f4xx_hal_cortex.o
    0x08002c2a   0x00000008   Code   RO          860    i.HAL_SYSTICK_IRQHandler  stm32f4xx_hal_cortex.o
    0x08002c32   0x00000002   Code   RO         3322    i.HAL_TIMEx_BreakCallback  stm32f4xx_hal_tim_ex.o
    0x08002c34   0x00000002   Code   RO         3323    i.HAL_TIMEx_CommutationCallback  stm32f4xx_hal_tim_ex.o
    0x08002c36   0x00000050   Code   RO         3339    i.HAL_TIMEx_MasterConfigSynchronization  stm32f4xx_hal_tim_ex.o
    0x08002c86   0x00000036   Code   RO          970    i.HAL_TIM_Base_Init  stm32f4xx_hal_tim.o
    0x08002cbc   0x00000038   Code   RO          156    i.HAL_TIM_Base_MspInit  stm32f4xx_hal_msp.o
    0x08002cf4   0x00000018   Code   RO          975    i.HAL_TIM_Base_Start_IT  stm32f4xx_hal_tim.o
    0x08002d0c   0x0000002a   Code   RO          978    i.HAL_TIM_Base_Stop_IT  stm32f4xx_hal_tim.o
    0x08002d36   0x000000f2   Code   RO          979    i.HAL_TIM_ConfigClockSource  stm32f4xx_hal_tim.o
    0x08002e28   0x00000002   Code   RO          999    i.HAL_TIM_IC_CaptureCallback  stm32f4xx_hal_tim.o
    0x08002e2a   0x00000166   Code   RO         1012    i.HAL_TIM_IRQHandler  stm32f4xx_hal_tim.o
    0x08002f90   0x00000002   Code   RO         1015    i.HAL_TIM_OC_DelayElapsedCallback  stm32f4xx_hal_tim.o
    0x08002f92   0x00000002   Code   RO         1042    i.HAL_TIM_PWM_PulseFinishedCallback  stm32f4xx_hal_tim.o
    0x08002f94   0x00000068   Code   RO          514    i.HAL_TIM_PeriodElapsedCallback  fft.o
    0x08002ffc   0x00000002   Code   RO         1053    i.HAL_TIM_TriggerCallback  stm32f4xx_hal_tim.o
    0x08002ffe   0x00000062   Code   RO         2143    i.HAL_UART_Init     stm32f4xx_hal_uart.o
    0x08003060   0x00000058   Code   RO          158    i.HAL_UART_MspInit  stm32f4xx_hal_msp.o
    0x080030b8   0x00000002   Code   RO          240    i.HardFault_Handler  stm32f4xx_it.o
    0x080030ba   0x00000002   PAD
    0x080030bc   0x00000070   Code   RO          327    i.MX_ADC1_Init      main.o
    0x0800312c   0x000000c4   Code   RO          328    i.MX_GPIO_Init      main.o
    0x080031f0   0x00000040   Code   RO          329    i.MX_SPI3_Init      main.o
    0x08003230   0x00000002   Code   RO          241    i.MemManage_Handler  stm32f4xx_it.o
    0x08003232   0x00000002   Code   RO          242    i.NMI_Handler       stm32f4xx_it.o
    0x08003234   0x00000020   Code   RO          861    i.NVIC_SetPriority  stm32f4xx_hal_cortex.o
    0x08003254   0x00000002   Code   RO          243    i.PendSV_Handler    stm32f4xx_it.o
    0x08003256   0x00000020   Code   RO         2887    i.SPI_CheckFlag_BSY  stm32f4xx_hal_spi.o
    0x08003276   0x00000096   Code   RO         2903    i.SPI_WaitFlagStateUntilTimeout  stm32f4xx_hal_spi.o
    0x0800330c   0x00000002   Code   RO          244    i.SVC_Handler       stm32f4xx_it.o
    0x0800330e   0x0000000e   Code   RO          245    i.SysTick_Handler   stm32f4xx_it.o
    0x0800331c   0x00000094   Code   RO          330    i.SystemClock_Config  main.o
    0x080033b0   0x00000054   Code   RO            5    i.SystemInit        system_stm32f4xx.o
    0x08003404   0x0000000c   Code   RO          246    i.TIM2_IRQHandler   stm32f4xx_it.o
    0x08003410   0x000000c0   Code   RO         1054    i.TIM_Base_SetConfig  stm32f4xx_hal_tim.o
    0x080034d0   0x00000014   Code   RO         1061    i.TIM_ETR_SetConfig  stm32f4xx_hal_tim.o
    0x080034e4   0x00000010   Code   RO         1062    i.TIM_ITRx_SetConfig  stm32f4xx_hal_tim.o
    0x080034f4   0x00000022   Code   RO         1068    i.TIM_TI1_ConfigInputStage  stm32f4xx_hal_tim.o
    0x08003516   0x00000024   Code   RO         1070    i.TIM_TI2_ConfigInputStage  stm32f4xx_hal_tim.o
    0x0800353a   0x00000002   PAD
    0x0800353c   0x000002ac   Code   RO         2165    i.UART_SetConfig    stm32f4xx_hal_uart.o
    0x080037e8   0x00000002   Code   RO          247    i.UsageFault_Handler  stm32f4xx_it.o
    0x080037ea   0x0000000e   Code   RO         3932    i.__scatterload_copy  mc_w.l(handlers.o)
    0x080037f8   0x00000002   Code   RO         3933    i.__scatterload_null  mc_w.l(handlers.o)
    0x080037fa   0x0000000e   Code   RO         3934    i.__scatterload_zeroinit  mc_w.l(handlers.o)
    0x08003808   0x00000070   Code   RO          515    i.drawFunction      fft.o
    0x08003878   0x00000054   Code   RO          398    i.getReg_DDS_CFR1   dds_conf.o
    0x080038cc   0x00000050   Code   RO          399    i.getReg_DDS_CFR2   dds_conf.o
    0x0800391c   0x00000054   Code   RO          400    i.getReg_DDS_FTW0   dds_conf.o
    0x08003970   0x00000054   Code   RO          401    i.getReg_DDS_FTW1   dds_conf.o
    0x080039c4   0x00000058   Code   RO          402    i.getReg_DDS_NLSCW  dds_conf.o
    0x08003a1c   0x00000058   Code   RO          403    i.getReg_DDS_PLSCW  dds_conf.o
    0x08003a74   0x00000134   Code   RO          331    i.main              main.o
    0x08003ba8   0x0000004c   Code   RO          404    i.setReg_DDS_CFR1   dds_conf.o
    0x08003bf4   0x00000048   Code   RO          405    i.setReg_DDS_CFR2   dds_conf.o
    0x08003c3c   0x0000004c   Code   RO          406    i.setReg_DDS_FTW0   dds_conf.o
    0x08003c88   0x0000004c   Code   RO          407    i.setReg_DDS_FTW1   dds_conf.o
    0x08003cd4   0x00000054   Code   RO          408    i.setReg_DDS_NLSCW  dds_conf.o
    0x08003d28   0x00000050   Code   RO          409    i.setReg_DDS_PLSCW  dds_conf.o
    0x08003d78   0x00000010   Data   RO          584    .constdata          stm32f4xx_hal_rcc.o
    0x08003d88   0x00000008   Data   RO         1614    .constdata          stm32f4xx_hal_dma.o
    0x08003d90   0x00008000   Data   RO         3621    .constdata          arm_cortexM4lf_math.lib(arm_rfft_init_q15.o)
    0x0800bd90   0x00000010   Data   RO         3746    .constdata          arm_cortexM4lf_math.lib(arm_const_structs.o)
    0x0800bda0   0x00000010   Data   RO         3747    .constdata          arm_cortexM4lf_math.lib(arm_const_structs.o)
    0x0800bdb0   0x00000010   Data   RO         3748    .constdata          arm_cortexM4lf_math.lib(arm_const_structs.o)
    0x0800bdc0   0x00000010   Data   RO         3749    .constdata          arm_cortexM4lf_math.lib(arm_const_structs.o)
    0x0800bdd0   0x00000010   Data   RO         3750    .constdata          arm_cortexM4lf_math.lib(arm_const_structs.o)
    0x0800bde0   0x00000010   Data   RO         3751    .constdata          arm_cortexM4lf_math.lib(arm_const_structs.o)
    0x0800bdf0   0x00000010   Data   RO         3752    .constdata          arm_cortexM4lf_math.lib(arm_const_structs.o)
    0x0800be00   0x00000010   Data   RO         3753    .constdata          arm_cortexM4lf_math.lib(arm_const_structs.o)
    0x0800be10   0x00000010   Data   RO         3754    .constdata          arm_cortexM4lf_math.lib(arm_const_structs.o)
    0x0800be20   0x00000030   Data   RO         3825    .constdata          arm_cortexM4lf_math.lib(arm_common_tables.o)
    0x0800be50   0x00000060   Data   RO         3826    .constdata          arm_cortexM4lf_math.lib(arm_common_tables.o)
    0x0800beb0   0x000000c0   Data   RO         3827    .constdata          arm_cortexM4lf_math.lib(arm_common_tables.o)
    0x0800bf70   0x00000180   Data   RO         3828    .constdata          arm_cortexM4lf_math.lib(arm_common_tables.o)
    0x0800c0f0   0x00000300   Data   RO         3829    .constdata          arm_cortexM4lf_math.lib(arm_common_tables.o)
    0x0800c3f0   0x00000600   Data   RO         3830    .constdata          arm_cortexM4lf_math.lib(arm_common_tables.o)
    0x0800c9f0   0x00000c00   Data   RO         3831    .constdata          arm_cortexM4lf_math.lib(arm_common_tables.o)
    0x0800d5f0   0x00001800   Data   RO         3832    .constdata          arm_cortexM4lf_math.lib(arm_common_tables.o)
    0x0800edf0   0x00003000   Data   RO         3833    .constdata          arm_cortexM4lf_math.lib(arm_common_tables.o)
    0x08011df0   0x00000018   Data   RO         3845    .constdata          arm_cortexM4lf_math.lib(arm_common_tables.o)
    0x08011e08   0x00000030   Data   RO         3846    .constdata          arm_cortexM4lf_math.lib(arm_common_tables.o)
    0x08011e38   0x00000070   Data   RO         3847    .constdata          arm_cortexM4lf_math.lib(arm_common_tables.o)
    0x08011ea8   0x000000e0   Data   RO         3848    .constdata          arm_cortexM4lf_math.lib(arm_common_tables.o)
    0x08011f88   0x000001e0   Data   RO         3849    .constdata          arm_cortexM4lf_math.lib(arm_common_tables.o)
    0x08012168   0x000003c0   Data   RO         3850    .constdata          arm_cortexM4lf_math.lib(arm_common_tables.o)
    0x08012528   0x000007c0   Data   RO         3851    .constdata          arm_cortexM4lf_math.lib(arm_common_tables.o)
    0x08012ce8   0x00000f80   Data   RO         3852    .constdata          arm_cortexM4lf_math.lib(arm_common_tables.o)
    0x08013c68   0x00001f80   Data   RO         3853    .constdata          arm_cortexM4lf_math.lib(arm_common_tables.o)
    0x08015be8   0x00000020   Data   RO         3930    Region$$Table       anon$$obj.o


    Execution Region RW_IRAM1 (Base: 0x20000000, Size: 0x000075e0, Max: 0x00020000, ABSOLUTE)

    Base Addr    Size         Type   Attr      Idx    E Section Name        Object

    0x20000000   0x00000004   Data   RW            7    .data               system_stm32f4xx.o
    0x20000004   0x0000001f   Data   RW          410    .data               dds_conf.o
    0x20000023   0x00000001   PAD
    0x20000024   0x00000010   Data   RW          519    .data               fft.o
    0x20000034   0x00000004   Data   RW         2731    .data               stm32f4xx_hal.o
    0x20000038   0x00000130   Zero   RW          332    .bss                main.o
    0x20000168   0x00000060   Zero   RW          333    .bss                main.o
    0x200001c8   0x00007018   Zero   RW          518    .bss                fft.o
    0x200071e0   0x00000400   Zero   RW         3558    STACK               startup_stm32f446xx.o


==============================================================================

Image component sizes


      Code (inc. data)   RO Data    RW Data    ZI Data      Debug   Object Name

      1242        154          0         31          0       9810   dds_conf.o
       532         64          0         16      28696      16493   fft.o
       830         72          0          0        400       4649   main.o
        36          8        452          0       1024        800   startup_stm32f446xx.o
       142         22          0          4          0       4155   stm32f4xx_hal.o
      1144         38          0          0          0       5709   stm32f4xx_hal_adc.o
       452         14          0          0          0       1434   stm32f4xx_hal_adc_ex.o
       228         14          0          0          0      32089   stm32f4xx_hal_cortex.o
       240          0          0          0          0       3470   stm32f4xx_hal_dac.o
       756         22          8          0          0       4068   stm32f4xx_hal_dma.o
       438         42          0          0          0       3105   stm32f4xx_hal_gpio.o
       500         72          0          0          0       4182   stm32f4xx_hal_msp.o
       488         50         16          0          0       3741   stm32f4xx_hal_rcc.o
       972         30          0          0          0       2566   stm32f4xx_hal_rcc_ex.o
      1142          0          0          0          0       5672   stm32f4xx_hal_spi.o
      1026         44          0          0          0      10406   stm32f4xx_hal_tim.o
        84          0          0          0          0       2394   stm32f4xx_hal_tim_ex.o
       782          8          0          0          0       2036   stm32f4xx_hal_uart.o
        54         12          0          0          0       4998   stm32f4xx_it.o
        84         18          0          4          0     358053   system_stm32f4xx.o

    ----------------------------------------------------------------------
     11190        684        508         56      30120     479830   Object Totals
         0          0         32          0          0          0   (incl. Generated)
        18          0          0          1          0          0   (incl. Padding)

    ----------------------------------------------------------------------

      Code (inc. data)   RO Data    RW Data    ZI Data      Debug   Library Member Name

       470          0          0          0          0       2962   arm_bitreversal.o
       192          0          0          0          0        528   arm_bitreversal2.o
       840          0          0          0          0       4427   arm_cfft_q15.o
      1246          0          0          0          0       3796   arm_cfft_radix4_q15.o
       134          0          0          0          0      17268   arm_cmplx_mag_q15.o
         0          0      40392          0          0       4636   arm_common_tables.o
         0          0        144          0          0       2191   arm_const_structs.o
       204         40      32768          0          0       1508   arm_rfft_init_q15.o
       634          0          0          0          0       3684   arm_rfft_q15.o
       248         14          0          0          0       1019   arm_sqrt_q15.o
         0          0          0          0          0          0   entry.o
         0          0          0          0          0          0   entry10a.o
         0          0          0          0          0          0   entry11a.o
         8          4          0          0          0          0   entry2.o
         4          0          0          0          0          0   entry5.o
         0          0          0          0          0          0   entry7b.o
         0          0          0          0          0          0   entry8b.o
         8          4          0          0          0          0   entry9a.o
        30          0          0          0          0          0   handlers.o
        36          8          0          0          0         68   init.o
        36          0          0          0          0        108   memseta.o

    ----------------------------------------------------------------------
      4094         70      73304          0          0      42195   Library Totals
         4          0          0          0          0          0   (incl. Padding)

    ----------------------------------------------------------------------

      Code (inc. data)   RO Data    RW Data    ZI Data      Debug   Library Name

      3968         54      73304          0          0      42019   arm_cortexM4lf_math.lib
       122         16          0          0          0        176   mc_w.l

    ----------------------------------------------------------------------
      4094         70      73304          0          0      42195   Library Totals

    ----------------------------------------------------------------------

==============================================================================


      Code (inc. data)   RO Data    RW Data    ZI Data      Debug   

     15284        754      73812         56      30120     511529   Grand Totals
     15284        754      73812         56      30120     511529   ELF Image Totals
     15284        754      73812         56          0          0   ROM Totals

==============================================================================

    Total RO  Size (Code + RO Data)                89096 (  87.01kB)
    Total RW  Size (RW Data + ZI Data)             30176 (  29.47kB)
    Total ROM Size (Code + RO Data + RW Data)      89152 (  87.06kB)

==============================================================================

